 
****************************************
check_design summary:
Version:     P-2019.03-SP3
Date:        Sun Jan 29 14:28:42 2023
****************************************

                   Name                                            Total
--------------------------------------------------------------------------------
Cells                                                              24
    Cells do not drive (LINT-1)                                    24

Nets                                                              652
    Unloaded nets (LINT-2)                                        346
    Undriven nets (LINT-3)                                        306
--------------------------------------------------------------------------------

Warning: In design 'eda_regional_max', cell 'eda_fifos/sync_fifo_upleft/write_control_inst/C62' does not drive any nets. (LINT-1)
Warning: In design 'eda_regional_max', cell 'eda_fifos/sync_fifo_up/write_control_inst/C62' does not drive any nets. (LINT-1)
Warning: In design 'eda_regional_max', cell 'eda_fifos/sync_fifo_upright/write_control_inst/C62' does not drive any nets. (LINT-1)
Warning: In design 'eda_regional_max', cell 'eda_fifos/sync_fifo_left/write_control_inst/C62' does not drive any nets. (LINT-1)
Warning: In design 'eda_regional_max', cell 'eda_fifos/sync_fifo_right/write_control_inst/C62' does not drive any nets. (LINT-1)
Warning: In design 'eda_regional_max', cell 'eda_fifos/sync_fifo_downleft/write_control_inst/C62' does not drive any nets. (LINT-1)
Warning: In design 'eda_regional_max', cell 'eda_fifos/sync_fifo_down/write_control_inst/C62' does not drive any nets. (LINT-1)
Warning: In design 'eda_regional_max', cell 'eda_fifos/sync_fifo_downright/write_control_inst/C62' does not drive any nets. (LINT-1)
Warning: In design 'eda_regional_max', cell 'eda_fifos/sync_fifo_upleft/read_control_inst/C62' does not drive any nets. (LINT-1)
Warning: In design 'eda_regional_max', cell 'eda_fifos/sync_fifo_up/read_control_inst/C62' does not drive any nets. (LINT-1)
Warning: In design 'eda_regional_max', cell 'eda_fifos/sync_fifo_upright/read_control_inst/C62' does not drive any nets. (LINT-1)
Warning: In design 'eda_regional_max', cell 'eda_fifos/sync_fifo_left/read_control_inst/C62' does not drive any nets. (LINT-1)
Warning: In design 'eda_regional_max', cell 'eda_fifos/sync_fifo_right/read_control_inst/C62' does not drive any nets. (LINT-1)
Warning: In design 'eda_regional_max', cell 'eda_fifos/sync_fifo_downleft/read_control_inst/C62' does not drive any nets. (LINT-1)
Warning: In design 'eda_regional_max', cell 'eda_fifos/sync_fifo_down/read_control_inst/C62' does not drive any nets. (LINT-1)
Warning: In design 'eda_regional_max', cell 'eda_fifos/sync_fifo_downright/read_control_inst/C62' does not drive any nets. (LINT-1)
Warning: In design 'eda_regional_max', cell 'eda_fifos/sync_fifo_upleft/comparator_inst/B_3' does not drive any nets. (LINT-1)
Warning: In design 'eda_regional_max', cell 'eda_fifos/sync_fifo_up/comparator_inst/B_3' does not drive any nets. (LINT-1)
Warning: In design 'eda_regional_max', cell 'eda_fifos/sync_fifo_upright/comparator_inst/B_3' does not drive any nets. (LINT-1)
Warning: In design 'eda_regional_max', cell 'eda_fifos/sync_fifo_left/comparator_inst/B_3' does not drive any nets. (LINT-1)
Warning: In design 'eda_regional_max', cell 'eda_fifos/sync_fifo_right/comparator_inst/B_3' does not drive any nets. (LINT-1)
Warning: In design 'eda_regional_max', cell 'eda_fifos/sync_fifo_downleft/comparator_inst/B_3' does not drive any nets. (LINT-1)
Warning: In design 'eda_regional_max', cell 'eda_fifos/sync_fifo_down/comparator_inst/B_3' does not drive any nets. (LINT-1)
Warning: In design 'eda_regional_max', cell 'eda_fifos/sync_fifo_downright/comparator_inst/B_3' does not drive any nets. (LINT-1)
Warning: In design 'eda_regional_max', net 'eda_strobe_ram/addr_arr[7][5]' driven by pin ' (no pin) ' has no loads. (LINT-2)
Warning: In design 'eda_regional_max', net 'eda_strobe_ram/addr_arr[7][4]' driven by pin ' (no pin) ' has no loads. (LINT-2)
Warning: In design 'eda_regional_max', net 'eda_strobe_ram/addr_arr[7][3]' driven by pin ' (no pin) ' has no loads. (LINT-2)
Warning: In design 'eda_regional_max', net 'eda_strobe_ram/addr_arr[7][2]' driven by pin ' (no pin) ' has no loads. (LINT-2)
Warning: In design 'eda_regional_max', net 'eda_strobe_ram/addr_arr[7][1]' driven by pin ' (no pin) ' has no loads. (LINT-2)
Warning: In design 'eda_regional_max', net 'eda_strobe_ram/addr_arr[7][0]' driven by pin ' (no pin) ' has no loads. (LINT-2)
Warning: In design 'eda_regional_max', net 'eda_strobe_ram/addr_arr[6][5]' driven by pin ' (no pin) ' has no loads. (LINT-2)
Warning: In design 'eda_regional_max', net 'eda_strobe_ram/addr_arr[6][4]' driven by pin ' (no pin) ' has no loads. (LINT-2)
Warning: In design 'eda_regional_max', net 'eda_strobe_ram/addr_arr[6][3]' driven by pin ' (no pin) ' has no loads. (LINT-2)
Warning: In design 'eda_regional_max', net 'eda_strobe_ram/addr_arr[6][2]' driven by pin ' (no pin) ' has no loads. (LINT-2)
Warning: In design 'eda_regional_max', net 'eda_strobe_ram/addr_arr[6][1]' driven by pin ' (no pin) ' has no loads. (LINT-2)
Warning: In design 'eda_regional_max', net 'eda_strobe_ram/addr_arr[6][0]' driven by pin ' (no pin) ' has no loads. (LINT-2)
Warning: In design 'eda_regional_max', net 'eda_strobe_ram/addr_arr[5][5]' driven by pin ' (no pin) ' has no loads. (LINT-2)
Warning: In design 'eda_regional_max', net 'eda_strobe_ram/addr_arr[5][4]' driven by pin ' (no pin) ' has no loads. (LINT-2)
Warning: In design 'eda_regional_max', net 'eda_strobe_ram/addr_arr[5][3]' driven by pin ' (no pin) ' has no loads. (LINT-2)
Warning: In design 'eda_regional_max', net 'eda_strobe_ram/addr_arr[5][2]' driven by pin ' (no pin) ' has no loads. (LINT-2)
Warning: In design 'eda_regional_max', net 'eda_strobe_ram/addr_arr[5][1]' driven by pin ' (no pin) ' has no loads. (LINT-2)
Warning: In design 'eda_regional_max', net 'eda_strobe_ram/addr_arr[5][0]' driven by pin ' (no pin) ' has no loads. (LINT-2)
Warning: In design 'eda_regional_max', net 'eda_strobe_ram/addr_arr[4][5]' driven by pin ' (no pin) ' has no loads. (LINT-2)
Warning: In design 'eda_regional_max', net 'eda_strobe_ram/addr_arr[4][4]' driven by pin ' (no pin) ' has no loads. (LINT-2)
Warning: In design 'eda_regional_max', net 'eda_strobe_ram/addr_arr[4][3]' driven by pin ' (no pin) ' has no loads. (LINT-2)
Warning: In design 'eda_regional_max', net 'eda_strobe_ram/addr_arr[4][2]' driven by pin ' (no pin) ' has no loads. (LINT-2)
Warning: In design 'eda_regional_max', net 'eda_strobe_ram/addr_arr[4][1]' driven by pin ' (no pin) ' has no loads. (LINT-2)
Warning: In design 'eda_regional_max', net 'eda_strobe_ram/addr_arr[4][0]' driven by pin ' (no pin) ' has no loads. (LINT-2)
Warning: In design 'eda_regional_max', net 'eda_strobe_ram/addr_arr[3][5]' driven by pin ' (no pin) ' has no loads. (LINT-2)
Warning: In design 'eda_regional_max', net 'eda_strobe_ram/addr_arr[3][4]' driven by pin ' (no pin) ' has no loads. (LINT-2)
Warning: In design 'eda_regional_max', net 'eda_strobe_ram/addr_arr[3][3]' driven by pin ' (no pin) ' has no loads. (LINT-2)
Warning: In design 'eda_regional_max', net 'eda_strobe_ram/addr_arr[3][2]' driven by pin ' (no pin) ' has no loads. (LINT-2)
Warning: In design 'eda_regional_max', net 'eda_strobe_ram/addr_arr[3][1]' driven by pin ' (no pin) ' has no loads. (LINT-2)
Warning: In design 'eda_regional_max', net 'eda_strobe_ram/addr_arr[3][0]' driven by pin ' (no pin) ' has no loads. (LINT-2)
Warning: In design 'eda_regional_max', net 'eda_strobe_ram/addr_arr[2][5]' driven by pin ' (no pin) ' has no loads. (LINT-2)
Warning: In design 'eda_regional_max', net 'eda_strobe_ram/addr_arr[2][4]' driven by pin ' (no pin) ' has no loads. (LINT-2)
Warning: In design 'eda_regional_max', net 'eda_strobe_ram/addr_arr[2][3]' driven by pin ' (no pin) ' has no loads. (LINT-2)
Warning: In design 'eda_regional_max', net 'eda_strobe_ram/addr_arr[2][2]' driven by pin ' (no pin) ' has no loads. (LINT-2)
Warning: In design 'eda_regional_max', net 'eda_strobe_ram/addr_arr[2][1]' driven by pin ' (no pin) ' has no loads. (LINT-2)
Warning: In design 'eda_regional_max', net 'eda_strobe_ram/addr_arr[2][0]' driven by pin ' (no pin) ' has no loads. (LINT-2)
Warning: In design 'eda_regional_max', net 'eda_strobe_ram/addr_arr[1][5]' driven by pin ' (no pin) ' has no loads. (LINT-2)
Warning: In design 'eda_regional_max', net 'eda_strobe_ram/addr_arr[1][4]' driven by pin ' (no pin) ' has no loads. (LINT-2)
Warning: In design 'eda_regional_max', net 'eda_strobe_ram/addr_arr[1][3]' driven by pin ' (no pin) ' has no loads. (LINT-2)
Warning: In design 'eda_regional_max', net 'eda_strobe_ram/addr_arr[1][2]' driven by pin ' (no pin) ' has no loads. (LINT-2)
Warning: In design 'eda_regional_max', net 'eda_strobe_ram/addr_arr[1][1]' driven by pin ' (no pin) ' has no loads. (LINT-2)
Warning: In design 'eda_regional_max', net 'eda_strobe_ram/addr_arr[1][0]' driven by pin ' (no pin) ' has no loads. (LINT-2)
Warning: In design 'eda_regional_max', net 'eda_strobe_ram/addr_arr[0][5]' driven by pin ' (no pin) ' has no loads. (LINT-2)
Warning: In design 'eda_regional_max', net 'eda_strobe_ram/addr_arr[0][4]' driven by pin ' (no pin) ' has no loads. (LINT-2)
Warning: In design 'eda_regional_max', net 'eda_strobe_ram/addr_arr[0][3]' driven by pin ' (no pin) ' has no loads. (LINT-2)
Warning: In design 'eda_regional_max', net 'eda_strobe_ram/addr_arr[0][2]' driven by pin ' (no pin) ' has no loads. (LINT-2)
Warning: In design 'eda_regional_max', net 'eda_strobe_ram/addr_arr[0][1]' driven by pin ' (no pin) ' has no loads. (LINT-2)
Warning: In design 'eda_regional_max', net 'eda_strobe_ram/addr_arr[0][0]' driven by pin ' (no pin) ' has no loads. (LINT-2)
Warning: In design 'eda_regional_max', net 'eda_strobe_ram/strb_memory[5][5]' driven by pin ' (no pin) ' has no loads. (LINT-2)
Warning: In design 'eda_regional_max', net 'eda_strobe_ram/strb_memory[5][4]' driven by pin ' (no pin) ' has no loads. (LINT-2)
Warning: In design 'eda_regional_max', net 'eda_strobe_ram/strb_memory[5][3]' driven by pin ' (no pin) ' has no loads. (LINT-2)
Warning: In design 'eda_regional_max', net 'eda_strobe_ram/strb_memory[5][2]' driven by pin ' (no pin) ' has no loads. (LINT-2)
Warning: In design 'eda_regional_max', net 'eda_strobe_ram/strb_memory[5][1]' driven by pin ' (no pin) ' has no loads. (LINT-2)
Warning: In design 'eda_regional_max', net 'eda_strobe_ram/strb_memory[5][0]' driven by pin ' (no pin) ' has no loads. (LINT-2)
Warning: In design 'eda_regional_max', net 'eda_strobe_ram/strb_memory[4][5]' driven by pin ' (no pin) ' has no loads. (LINT-2)
Warning: In design 'eda_regional_max', net 'eda_strobe_ram/strb_memory[4][4]' driven by pin ' (no pin) ' has no loads. (LINT-2)
Warning: In design 'eda_regional_max', net 'eda_strobe_ram/strb_memory[4][3]' driven by pin ' (no pin) ' has no loads. (LINT-2)
Warning: In design 'eda_regional_max', net 'eda_strobe_ram/strb_memory[4][2]' driven by pin ' (no pin) ' has no loads. (LINT-2)
Warning: In design 'eda_regional_max', net 'eda_strobe_ram/strb_memory[4][1]' driven by pin ' (no pin) ' has no loads. (LINT-2)
Warning: In design 'eda_regional_max', net 'eda_strobe_ram/strb_memory[4][0]' driven by pin ' (no pin) ' has no loads. (LINT-2)
Warning: In design 'eda_regional_max', net 'eda_strobe_ram/strb_memory[3][5]' driven by pin ' (no pin) ' has no loads. (LINT-2)
Warning: In design 'eda_regional_max', net 'eda_strobe_ram/strb_memory[3][4]' driven by pin ' (no pin) ' has no loads. (LINT-2)
Warning: In design 'eda_regional_max', net 'eda_strobe_ram/strb_memory[3][3]' driven by pin ' (no pin) ' has no loads. (LINT-2)
Warning: In design 'eda_regional_max', net 'eda_strobe_ram/strb_memory[3][2]' driven by pin ' (no pin) ' has no loads. (LINT-2)
Warning: In design 'eda_regional_max', net 'eda_strobe_ram/strb_memory[3][1]' driven by pin ' (no pin) ' has no loads. (LINT-2)
Warning: In design 'eda_regional_max', net 'eda_strobe_ram/strb_memory[3][0]' driven by pin ' (no pin) ' has no loads. (LINT-2)
Warning: In design 'eda_regional_max', net 'eda_strobe_ram/strb_memory[2][5]' driven by pin ' (no pin) ' has no loads. (LINT-2)
Warning: In design 'eda_regional_max', net 'eda_strobe_ram/strb_memory[2][4]' driven by pin ' (no pin) ' has no loads. (LINT-2)
Warning: In design 'eda_regional_max', net 'eda_strobe_ram/strb_memory[2][3]' driven by pin ' (no pin) ' has no loads. (LINT-2)
Warning: In design 'eda_regional_max', net 'eda_strobe_ram/strb_memory[2][2]' driven by pin ' (no pin) ' has no loads. (LINT-2)
Warning: In design 'eda_regional_max', net 'eda_strobe_ram/strb_memory[2][1]' driven by pin ' (no pin) ' has no loads. (LINT-2)
Warning: In design 'eda_regional_max', net 'eda_strobe_ram/strb_memory[2][0]' driven by pin ' (no pin) ' has no loads. (LINT-2)
Warning: In design 'eda_regional_max', net 'eda_strobe_ram/strb_memory[1][5]' driven by pin ' (no pin) ' has no loads. (LINT-2)
Warning: In design 'eda_regional_max', net 'eda_strobe_ram/strb_memory[1][4]' driven by pin ' (no pin) ' has no loads. (LINT-2)
Warning: In design 'eda_regional_max', net 'eda_strobe_ram/strb_memory[1][3]' driven by pin ' (no pin) ' has no loads. (LINT-2)
Warning: In design 'eda_regional_max', net 'eda_strobe_ram/strb_memory[1][2]' driven by pin ' (no pin) ' has no loads. (LINT-2)
Warning: In design 'eda_regional_max', net 'eda_strobe_ram/strb_memory[1][1]' driven by pin ' (no pin) ' has no loads. (LINT-2)
Warning: In design 'eda_regional_max', net 'eda_strobe_ram/strb_memory[1][0]' driven by pin ' (no pin) ' has no loads. (LINT-2)
Warning: In design 'eda_regional_max', net 'eda_strobe_ram/strb_memory[0][5]' driven by pin ' (no pin) ' has no loads. (LINT-2)
Warning: In design 'eda_regional_max', net 'eda_strobe_ram/strb_memory[0][4]' driven by pin ' (no pin) ' has no loads. (LINT-2)
Warning: In design 'eda_regional_max', net 'eda_strobe_ram/strb_memory[0][3]' driven by pin ' (no pin) ' has no loads. (LINT-2)
Warning: In design 'eda_regional_max', net 'eda_strobe_ram/strb_memory[0][2]' driven by pin ' (no pin) ' has no loads. (LINT-2)
Warning: In design 'eda_regional_max', net 'eda_strobe_ram/strb_memory[0][1]' driven by pin ' (no pin) ' has no loads. (LINT-2)
Warning: In design 'eda_regional_max', net 'eda_strobe_ram/strb_memory[0][0]' driven by pin ' (no pin) ' has no loads. (LINT-2)
Warning: In design 'eda_regional_max', net 'eda_iterated_ram/iterated_memory[5][5]' driven by pin ' (no pin) ' has no loads. (LINT-2)
Warning: In design 'eda_regional_max', net 'eda_iterated_ram/iterated_memory[5][4]' driven by pin ' (no pin) ' has no loads. (LINT-2)
Warning: In design 'eda_regional_max', net 'eda_iterated_ram/iterated_memory[5][3]' driven by pin ' (no pin) ' has no loads. (LINT-2)
Warning: In design 'eda_regional_max', net 'eda_iterated_ram/iterated_memory[5][2]' driven by pin ' (no pin) ' has no loads. (LINT-2)
Warning: In design 'eda_regional_max', net 'eda_iterated_ram/iterated_memory[5][1]' driven by pin ' (no pin) ' has no loads. (LINT-2)
Warning: In design 'eda_regional_max', net 'eda_iterated_ram/iterated_memory[5][0]' driven by pin ' (no pin) ' has no loads. (LINT-2)
Warning: In design 'eda_regional_max', net 'eda_iterated_ram/iterated_memory[4][5]' driven by pin ' (no pin) ' has no loads. (LINT-2)
Warning: In design 'eda_regional_max', net 'eda_iterated_ram/iterated_memory[4][4]' driven by pin ' (no pin) ' has no loads. (LINT-2)
Warning: In design 'eda_regional_max', net 'eda_iterated_ram/iterated_memory[4][3]' driven by pin ' (no pin) ' has no loads. (LINT-2)
Warning: In design 'eda_regional_max', net 'eda_iterated_ram/iterated_memory[4][2]' driven by pin ' (no pin) ' has no loads. (LINT-2)
Warning: In design 'eda_regional_max', net 'eda_iterated_ram/iterated_memory[4][1]' driven by pin ' (no pin) ' has no loads. (LINT-2)
Warning: In design 'eda_regional_max', net 'eda_iterated_ram/iterated_memory[4][0]' driven by pin ' (no pin) ' has no loads. (LINT-2)
Warning: In design 'eda_regional_max', net 'eda_iterated_ram/iterated_memory[3][5]' driven by pin ' (no pin) ' has no loads. (LINT-2)
Warning: In design 'eda_regional_max', net 'eda_iterated_ram/iterated_memory[3][4]' driven by pin ' (no pin) ' has no loads. (LINT-2)
Warning: In design 'eda_regional_max', net 'eda_iterated_ram/iterated_memory[3][3]' driven by pin ' (no pin) ' has no loads. (LINT-2)
Warning: In design 'eda_regional_max', net 'eda_iterated_ram/iterated_memory[3][2]' driven by pin ' (no pin) ' has no loads. (LINT-2)
Warning: In design 'eda_regional_max', net 'eda_iterated_ram/iterated_memory[3][1]' driven by pin ' (no pin) ' has no loads. (LINT-2)
Warning: In design 'eda_regional_max', net 'eda_iterated_ram/iterated_memory[3][0]' driven by pin ' (no pin) ' has no loads. (LINT-2)
Warning: In design 'eda_regional_max', net 'eda_iterated_ram/iterated_memory[2][5]' driven by pin ' (no pin) ' has no loads. (LINT-2)
Warning: In design 'eda_regional_max', net 'eda_iterated_ram/iterated_memory[2][4]' driven by pin ' (no pin) ' has no loads. (LINT-2)
Warning: In design 'eda_regional_max', net 'eda_iterated_ram/iterated_memory[2][3]' driven by pin ' (no pin) ' has no loads. (LINT-2)
Warning: In design 'eda_regional_max', net 'eda_iterated_ram/iterated_memory[2][2]' driven by pin ' (no pin) ' has no loads. (LINT-2)
Warning: In design 'eda_regional_max', net 'eda_iterated_ram/iterated_memory[2][1]' driven by pin ' (no pin) ' has no loads. (LINT-2)
Warning: In design 'eda_regional_max', net 'eda_iterated_ram/iterated_memory[2][0]' driven by pin ' (no pin) ' has no loads. (LINT-2)
Warning: In design 'eda_regional_max', net 'eda_iterated_ram/iterated_memory[1][5]' driven by pin ' (no pin) ' has no loads. (LINT-2)
Warning: In design 'eda_regional_max', net 'eda_iterated_ram/iterated_memory[1][4]' driven by pin ' (no pin) ' has no loads. (LINT-2)
Warning: In design 'eda_regional_max', net 'eda_iterated_ram/iterated_memory[1][3]' driven by pin ' (no pin) ' has no loads. (LINT-2)
Warning: In design 'eda_regional_max', net 'eda_iterated_ram/iterated_memory[1][2]' driven by pin ' (no pin) ' has no loads. (LINT-2)
Warning: In design 'eda_regional_max', net 'eda_iterated_ram/iterated_memory[1][1]' driven by pin ' (no pin) ' has no loads. (LINT-2)
Warning: In design 'eda_regional_max', net 'eda_iterated_ram/iterated_memory[1][0]' driven by pin ' (no pin) ' has no loads. (LINT-2)
Warning: In design 'eda_regional_max', net 'eda_iterated_ram/iterated_memory[0][5]' driven by pin ' (no pin) ' has no loads. (LINT-2)
Warning: In design 'eda_regional_max', net 'eda_iterated_ram/iterated_memory[0][4]' driven by pin ' (no pin) ' has no loads. (LINT-2)
Warning: In design 'eda_regional_max', net 'eda_iterated_ram/iterated_memory[0][3]' driven by pin ' (no pin) ' has no loads. (LINT-2)
Warning: In design 'eda_regional_max', net 'eda_iterated_ram/iterated_memory[0][2]' driven by pin ' (no pin) ' has no loads. (LINT-2)
Warning: In design 'eda_regional_max', net 'eda_iterated_ram/iterated_memory[0][1]' driven by pin ' (no pin) ' has no loads. (LINT-2)
Warning: In design 'eda_regional_max', net 'eda_iterated_ram/iterated_memory[0][0]' driven by pin ' (no pin) ' has no loads. (LINT-2)
Warning: In design 'eda_regional_max', net 'eda_iterated_ram/addr_arr[7][5]' driven by pin ' (no pin) ' has no loads. (LINT-2)
Warning: In design 'eda_regional_max', net 'eda_iterated_ram/addr_arr[7][4]' driven by pin ' (no pin) ' has no loads. (LINT-2)
Warning: In design 'eda_regional_max', net 'eda_iterated_ram/addr_arr[7][3]' driven by pin ' (no pin) ' has no loads. (LINT-2)
Warning: In design 'eda_regional_max', net 'eda_iterated_ram/addr_arr[7][2]' driven by pin ' (no pin) ' has no loads. (LINT-2)
Warning: In design 'eda_regional_max', net 'eda_iterated_ram/addr_arr[7][1]' driven by pin ' (no pin) ' has no loads. (LINT-2)
Warning: In design 'eda_regional_max', net 'eda_iterated_ram/addr_arr[7][0]' driven by pin ' (no pin) ' has no loads. (LINT-2)
Warning: In design 'eda_regional_max', net 'eda_iterated_ram/addr_arr[6][5]' driven by pin ' (no pin) ' has no loads. (LINT-2)
Warning: In design 'eda_regional_max', net 'eda_iterated_ram/addr_arr[6][4]' driven by pin ' (no pin) ' has no loads. (LINT-2)
Warning: In design 'eda_regional_max', net 'eda_iterated_ram/addr_arr[6][3]' driven by pin ' (no pin) ' has no loads. (LINT-2)
Warning: In design 'eda_regional_max', net 'eda_iterated_ram/addr_arr[6][2]' driven by pin ' (no pin) ' has no loads. (LINT-2)
Warning: In design 'eda_regional_max', net 'eda_iterated_ram/addr_arr[6][1]' driven by pin ' (no pin) ' has no loads. (LINT-2)
Warning: In design 'eda_regional_max', net 'eda_iterated_ram/addr_arr[6][0]' driven by pin ' (no pin) ' has no loads. (LINT-2)
Warning: In design 'eda_regional_max', net 'eda_iterated_ram/addr_arr[5][5]' driven by pin ' (no pin) ' has no loads. (LINT-2)
Warning: In design 'eda_regional_max', net 'eda_iterated_ram/addr_arr[5][4]' driven by pin ' (no pin) ' has no loads. (LINT-2)
Warning: In design 'eda_regional_max', net 'eda_iterated_ram/addr_arr[5][3]' driven by pin ' (no pin) ' has no loads. (LINT-2)
Warning: In design 'eda_regional_max', net 'eda_iterated_ram/addr_arr[5][2]' driven by pin ' (no pin) ' has no loads. (LINT-2)
Warning: In design 'eda_regional_max', net 'eda_iterated_ram/addr_arr[5][1]' driven by pin ' (no pin) ' has no loads. (LINT-2)
Warning: In design 'eda_regional_max', net 'eda_iterated_ram/addr_arr[5][0]' driven by pin ' (no pin) ' has no loads. (LINT-2)
Warning: In design 'eda_regional_max', net 'eda_iterated_ram/addr_arr[4][5]' driven by pin ' (no pin) ' has no loads. (LINT-2)
Warning: In design 'eda_regional_max', net 'eda_iterated_ram/addr_arr[4][4]' driven by pin ' (no pin) ' has no loads. (LINT-2)
Warning: In design 'eda_regional_max', net 'eda_iterated_ram/addr_arr[4][3]' driven by pin ' (no pin) ' has no loads. (LINT-2)
Warning: In design 'eda_regional_max', net 'eda_iterated_ram/addr_arr[4][2]' driven by pin ' (no pin) ' has no loads. (LINT-2)
Warning: In design 'eda_regional_max', net 'eda_iterated_ram/addr_arr[4][1]' driven by pin ' (no pin) ' has no loads. (LINT-2)
Warning: In design 'eda_regional_max', net 'eda_iterated_ram/addr_arr[4][0]' driven by pin ' (no pin) ' has no loads. (LINT-2)
Warning: In design 'eda_regional_max', net 'eda_iterated_ram/addr_arr[3][5]' driven by pin ' (no pin) ' has no loads. (LINT-2)
Warning: In design 'eda_regional_max', net 'eda_iterated_ram/addr_arr[3][4]' driven by pin ' (no pin) ' has no loads. (LINT-2)
Warning: In design 'eda_regional_max', net 'eda_iterated_ram/addr_arr[3][3]' driven by pin ' (no pin) ' has no loads. (LINT-2)
Warning: In design 'eda_regional_max', net 'eda_iterated_ram/addr_arr[3][2]' driven by pin ' (no pin) ' has no loads. (LINT-2)
Warning: In design 'eda_regional_max', net 'eda_iterated_ram/addr_arr[3][1]' driven by pin ' (no pin) ' has no loads. (LINT-2)
Warning: In design 'eda_regional_max', net 'eda_iterated_ram/addr_arr[3][0]' driven by pin ' (no pin) ' has no loads. (LINT-2)
Warning: In design 'eda_regional_max', net 'eda_iterated_ram/addr_arr[2][5]' driven by pin ' (no pin) ' has no loads. (LINT-2)
Warning: In design 'eda_regional_max', net 'eda_iterated_ram/addr_arr[2][4]' driven by pin ' (no pin) ' has no loads. (LINT-2)
Warning: In design 'eda_regional_max', net 'eda_iterated_ram/addr_arr[2][3]' driven by pin ' (no pin) ' has no loads. (LINT-2)
Warning: In design 'eda_regional_max', net 'eda_iterated_ram/addr_arr[2][2]' driven by pin ' (no pin) ' has no loads. (LINT-2)
Warning: In design 'eda_regional_max', net 'eda_iterated_ram/addr_arr[2][1]' driven by pin ' (no pin) ' has no loads. (LINT-2)
Warning: In design 'eda_regional_max', net 'eda_iterated_ram/addr_arr[2][0]' driven by pin ' (no pin) ' has no loads. (LINT-2)
Warning: In design 'eda_regional_max', net 'eda_iterated_ram/addr_arr[1][5]' driven by pin ' (no pin) ' has no loads. (LINT-2)
Warning: In design 'eda_regional_max', net 'eda_iterated_ram/addr_arr[1][4]' driven by pin ' (no pin) ' has no loads. (LINT-2)
Warning: In design 'eda_regional_max', net 'eda_iterated_ram/addr_arr[1][3]' driven by pin ' (no pin) ' has no loads. (LINT-2)
Warning: In design 'eda_regional_max', net 'eda_iterated_ram/addr_arr[1][2]' driven by pin ' (no pin) ' has no loads. (LINT-2)
Warning: In design 'eda_regional_max', net 'eda_iterated_ram/addr_arr[1][1]' driven by pin ' (no pin) ' has no loads. (LINT-2)
Warning: In design 'eda_regional_max', net 'eda_iterated_ram/addr_arr[1][0]' driven by pin ' (no pin) ' has no loads. (LINT-2)
Warning: In design 'eda_regional_max', net 'eda_iterated_ram/addr_arr[0][5]' driven by pin ' (no pin) ' has no loads. (LINT-2)
Warning: In design 'eda_regional_max', net 'eda_iterated_ram/addr_arr[0][4]' driven by pin ' (no pin) ' has no loads. (LINT-2)
Warning: In design 'eda_regional_max', net 'eda_iterated_ram/addr_arr[0][3]' driven by pin ' (no pin) ' has no loads. (LINT-2)
Warning: In design 'eda_regional_max', net 'eda_iterated_ram/addr_arr[0][2]' driven by pin ' (no pin) ' has no loads. (LINT-2)
Warning: In design 'eda_regional_max', net 'eda_iterated_ram/addr_arr[0][1]' driven by pin ' (no pin) ' has no loads. (LINT-2)
Warning: In design 'eda_regional_max', net 'eda_iterated_ram/addr_arr[0][0]' driven by pin ' (no pin) ' has no loads. (LINT-2)
Warning: In design 'eda_regional_max', net 'eda_img_ram/up_addr[5]' driven by pin ' (no pin) ' has no loads. (LINT-2)
Warning: In design 'eda_regional_max', net 'eda_img_ram/up_addr[4]' driven by pin ' (no pin) ' has no loads. (LINT-2)
Warning: In design 'eda_regional_max', net 'eda_img_ram/up_addr[3]' driven by pin ' (no pin) ' has no loads. (LINT-2)
Warning: In design 'eda_regional_max', net 'eda_img_ram/upright_addr[5]' driven by pin ' (no pin) ' has no loads. (LINT-2)
Warning: In design 'eda_regional_max', net 'eda_img_ram/upright_addr[4]' driven by pin ' (no pin) ' has no loads. (LINT-2)
Warning: In design 'eda_regional_max', net 'eda_img_ram/upright_addr[3]' driven by pin ' (no pin) ' has no loads. (LINT-2)
Warning: In design 'eda_regional_max', net 'eda_img_ram/left_addr[2]' driven by pin ' (no pin) ' has no loads. (LINT-2)
Warning: In design 'eda_regional_max', net 'eda_img_ram/left_addr[1]' driven by pin ' (no pin) ' has no loads. (LINT-2)
Warning: In design 'eda_regional_max', net 'eda_img_ram/left_addr[0]' driven by pin ' (no pin) ' has no loads. (LINT-2)
Warning: In design 'eda_regional_max', net 'eda_img_ram/right_addr[5]' driven by pin ' (no pin) ' has no loads. (LINT-2)
Warning: In design 'eda_regional_max', net 'eda_img_ram/right_addr[4]' driven by pin ' (no pin) ' has no loads. (LINT-2)
Warning: In design 'eda_regional_max', net 'eda_img_ram/right_addr[3]' driven by pin ' (no pin) ' has no loads. (LINT-2)
Warning: In design 'eda_regional_max', net 'eda_img_ram/right_addr[2]' driven by pin ' (no pin) ' has no loads. (LINT-2)
Warning: In design 'eda_regional_max', net 'eda_img_ram/right_addr[1]' driven by pin ' (no pin) ' has no loads. (LINT-2)
Warning: In design 'eda_regional_max', net 'eda_img_ram/right_addr[0]' driven by pin ' (no pin) ' has no loads. (LINT-2)
Warning: In design 'eda_regional_max', net 'eda_img_ram/downleft_addr[2]' driven by pin ' (no pin) ' has no loads. (LINT-2)
Warning: In design 'eda_regional_max', net 'eda_img_ram/downleft_addr[1]' driven by pin ' (no pin) ' has no loads. (LINT-2)
Warning: In design 'eda_regional_max', net 'eda_img_ram/downleft_addr[0]' driven by pin ' (no pin) ' has no loads. (LINT-2)
Warning: In design 'eda_regional_max', net 'eda_img_ram/down_addr[5]' driven by pin ' (no pin) ' has no loads. (LINT-2)
Warning: In design 'eda_regional_max', net 'eda_img_ram/down_addr[4]' driven by pin ' (no pin) ' has no loads. (LINT-2)
Warning: In design 'eda_regional_max', net 'eda_img_ram/down_addr[3]' driven by pin ' (no pin) ' has no loads. (LINT-2)
Warning: In design 'eda_regional_max', net 'eda_img_ram/down_addr[2]' driven by pin ' (no pin) ' has no loads. (LINT-2)
Warning: In design 'eda_regional_max', net 'eda_img_ram/down_addr[1]' driven by pin ' (no pin) ' has no loads. (LINT-2)
Warning: In design 'eda_regional_max', net 'eda_img_ram/down_addr[0]' driven by pin ' (no pin) ' has no loads. (LINT-2)
Warning: In design 'eda_regional_max', net 'eda_img_ram/downright_addr[5]' driven by pin ' (no pin) ' has no loads. (LINT-2)
Warning: In design 'eda_regional_max', net 'eda_img_ram/downright_addr[4]' driven by pin ' (no pin) ' has no loads. (LINT-2)
Warning: In design 'eda_regional_max', net 'eda_img_ram/downright_addr[3]' driven by pin ' (no pin) ' has no loads. (LINT-2)
Warning: In design 'eda_regional_max', net 'eda_img_ram/downright_addr[2]' driven by pin ' (no pin) ' has no loads. (LINT-2)
Warning: In design 'eda_regional_max', net 'eda_img_ram/downright_addr[1]' driven by pin ' (no pin) ' has no loads. (LINT-2)
Warning: In design 'eda_regional_max', net 'eda_img_ram/downright_addr[0]' driven by pin ' (no pin) ' has no loads. (LINT-2)
Warning: In design 'eda_regional_max', net 'eda_img_ram/i_pixel[2]' driven by pin ' (no pin) ' has no loads. (LINT-2)
Warning: In design 'eda_regional_max', net 'eda_img_ram/i_pixel[1]' driven by pin ' (no pin) ' has no loads. (LINT-2)
Warning: In design 'eda_regional_max', net 'eda_img_ram/i_pixel[0]' driven by pin ' (no pin) ' has no loads. (LINT-2)
Warning: In design 'eda_regional_max', net 'eda_img_ram/j_pixel[2]' driven by pin ' (no pin) ' has no loads. (LINT-2)
Warning: In design 'eda_regional_max', net 'eda_img_ram/j_pixel[1]' driven by pin ' (no pin) ' has no loads. (LINT-2)
Warning: In design 'eda_regional_max', net 'eda_img_ram/j_pixel[0]' driven by pin ' (no pin) ' has no loads. (LINT-2)
Warning: In design 'eda_regional_max', net 'eda_img_ram/i_center[2]' driven by pin ' (no pin) ' has no loads. (LINT-2)
Warning: In design 'eda_regional_max', net 'eda_img_ram/i_center[1]' driven by pin ' (no pin) ' has no loads. (LINT-2)
Warning: In design 'eda_regional_max', net 'eda_img_ram/i_center[0]' driven by pin ' (no pin) ' has no loads. (LINT-2)
Warning: In design 'eda_regional_max', net 'eda_img_ram/j_center[2]' driven by pin ' (no pin) ' has no loads. (LINT-2)
Warning: In design 'eda_regional_max', net 'eda_img_ram/j_center[1]' driven by pin ' (no pin) ' has no loads. (LINT-2)
Warning: In design 'eda_regional_max', net 'eda_img_ram/j_center[0]' driven by pin ' (no pin) ' has no loads. (LINT-2)
Warning: In design 'eda_regional_max', net 'eda_img_ram/i_center_minus[2]' driven by pin ' (no pin) ' has no loads. (LINT-2)
Warning: In design 'eda_regional_max', net 'eda_img_ram/i_center_minus[1]' driven by pin ' (no pin) ' has no loads. (LINT-2)
Warning: In design 'eda_regional_max', net 'eda_img_ram/i_center_minus[0]' driven by pin ' (no pin) ' has no loads. (LINT-2)
Warning: In design 'eda_regional_max', net 'eda_img_ram/i_center_plus[2]' driven by pin ' (no pin) ' has no loads. (LINT-2)
Warning: In design 'eda_regional_max', net 'eda_img_ram/i_center_plus[1]' driven by pin ' (no pin) ' has no loads. (LINT-2)
Warning: In design 'eda_regional_max', net 'eda_img_ram/i_center_plus[0]' driven by pin ' (no pin) ' has no loads. (LINT-2)
Warning: In design 'eda_regional_max', net 'eda_img_ram/j_center_plus[2]' driven by pin ' (no pin) ' has no loads. (LINT-2)
Warning: In design 'eda_regional_max', net 'eda_img_ram/j_center_plus[1]' driven by pin ' (no pin) ' has no loads. (LINT-2)
Warning: In design 'eda_regional_max', net 'eda_img_ram/j_center_plus[0]' driven by pin ' (no pin) ' has no loads. (LINT-2)
Warning: In design 'eda_regional_max', net 'eda_img_ram/j_center_minus[2]' driven by pin ' (no pin) ' has no loads. (LINT-2)
Warning: In design 'eda_regional_max', net 'eda_img_ram/j_center_minus[1]' driven by pin ' (no pin) ' has no loads. (LINT-2)
Warning: In design 'eda_regional_max', net 'eda_img_ram/j_center_minus[0]' driven by pin ' (no pin) ' has no loads. (LINT-2)
Warning: In design 'eda_regional_max', net 'eda_img_ram/addr_valid[9]' driven by pin ' (no pin) ' has no loads. (LINT-2)
Warning: In design 'eda_regional_max', net 'eda_img_ram/addr_valid[8]' driven by pin ' (no pin) ' has no loads. (LINT-2)
Warning: In design 'eda_regional_max', net 'eda_img_ram/addr_valid[7]' driven by pin ' (no pin) ' has no loads. (LINT-2)
Warning: In design 'eda_regional_max', net 'eda_img_ram/addr_valid[6]' driven by pin ' (no pin) ' has no loads. (LINT-2)
Warning: In design 'eda_regional_max', net 'eda_img_ram/addr_valid[5]' driven by pin ' (no pin) ' has no loads. (LINT-2)
Warning: In design 'eda_regional_max', net 'eda_img_ram/addr_valid[4]' driven by pin ' (no pin) ' has no loads. (LINT-2)
Warning: In design 'eda_regional_max', net 'eda_img_ram/addr_valid[3]' driven by pin ' (no pin) ' has no loads. (LINT-2)
Warning: In design 'eda_regional_max', net 'eda_img_ram/addr_valid[2]' driven by pin ' (no pin) ' has no loads. (LINT-2)
Warning: In design 'eda_regional_max', net 'eda_img_ram/addr_valid[1]' driven by pin ' (no pin) ' has no loads. (LINT-2)
Warning: In design 'eda_regional_max', net 'eda_img_ram/addr_valid[0]' driven by pin ' (no pin) ' has no loads. (LINT-2)
Warning: In design 'eda_regional_max', net 'eda_fifos/sync_fifo_downright/sync_fifo_mem_inst/*Logic1*' driven by pin 'eda_fifos/sync_fifo_downright/sync_fifo_mem_inst/U3/**logic_1**' has no loads. (LINT-2)
Warning: In design 'eda_regional_max', net 'eda_fifos/sync_fifo_down/sync_fifo_mem_inst/*Logic1*' driven by pin 'eda_fifos/sync_fifo_down/sync_fifo_mem_inst/U3/**logic_1**' has no loads. (LINT-2)
Warning: In design 'eda_regional_max', net 'eda_fifos/sync_fifo_downleft/sync_fifo_mem_inst/*Logic1*' driven by pin 'eda_fifos/sync_fifo_downleft/sync_fifo_mem_inst/U3/**logic_1**' has no loads. (LINT-2)
Warning: In design 'eda_regional_max', net 'eda_fifos/sync_fifo_right/sync_fifo_mem_inst/*Logic1*' driven by pin 'eda_fifos/sync_fifo_right/sync_fifo_mem_inst/U3/**logic_1**' has no loads. (LINT-2)
Warning: In design 'eda_regional_max', net 'eda_fifos/sync_fifo_left/sync_fifo_mem_inst/*Logic1*' driven by pin 'eda_fifos/sync_fifo_left/sync_fifo_mem_inst/U3/**logic_1**' has no loads. (LINT-2)
Warning: In design 'eda_regional_max', net 'eda_fifos/sync_fifo_upright/sync_fifo_mem_inst/*Logic1*' driven by pin 'eda_fifos/sync_fifo_upright/sync_fifo_mem_inst/U3/**logic_1**' has no loads. (LINT-2)
Warning: In design 'eda_regional_max', net 'eda_fifos/sync_fifo_up/sync_fifo_mem_inst/*Logic1*' driven by pin 'eda_fifos/sync_fifo_up/sync_fifo_mem_inst/U3/**logic_1**' has no loads. (LINT-2)
Warning: In design 'eda_regional_max', net 'eda_fifos/sync_fifo_upleft/sync_fifo_mem_inst/*Logic1*' driven by pin 'eda_fifos/sync_fifo_upleft/sync_fifo_mem_inst/U3/**logic_1**' has no loads. (LINT-2)
Warning: In design 'eda_regional_max', net 'eda_fifos/sync_fifo_downright/o_ready_s' driven by pin 'eda_fifos/sync_fifo_downright/comparator_inst/o_ready_s_reg/Q' has no loads. (LINT-2)
Warning: In design 'eda_regional_max', net 'eda_fifos/sync_fifo_downright/o_almostfull' driven by pin 'eda_fifos/sync_fifo_downright/comparator_inst/o_almostfull_reg/Q' has no loads. (LINT-2)
Warning: In design 'eda_regional_max', net 'eda_fifos/sync_fifo_downright/o_valid_m' driven by pin 'eda_fifos/sync_fifo_downright/comparator_inst/o_valid_m_reg/Q' has no loads. (LINT-2)
Warning: In design 'eda_regional_max', net 'eda_fifos/sync_fifo_downright/o_almostempty' driven by pin 'eda_fifos/sync_fifo_downright/comparator_inst/o_almostempty_reg/Q' has no loads. (LINT-2)
Warning: In design 'eda_regional_max', net 'eda_fifos/sync_fifo_down/o_ready_s' driven by pin 'eda_fifos/sync_fifo_down/comparator_inst/o_ready_s_reg/Q' has no loads. (LINT-2)
Warning: In design 'eda_regional_max', net 'eda_fifos/sync_fifo_down/o_almostfull' driven by pin 'eda_fifos/sync_fifo_down/comparator_inst/o_almostfull_reg/Q' has no loads. (LINT-2)
Warning: In design 'eda_regional_max', net 'eda_fifos/sync_fifo_down/o_valid_m' driven by pin 'eda_fifos/sync_fifo_down/comparator_inst/o_valid_m_reg/Q' has no loads. (LINT-2)
Warning: In design 'eda_regional_max', net 'eda_fifos/sync_fifo_down/o_almostempty' driven by pin 'eda_fifos/sync_fifo_down/comparator_inst/o_almostempty_reg/Q' has no loads. (LINT-2)
Warning: In design 'eda_regional_max', net 'eda_fifos/sync_fifo_downleft/o_ready_s' driven by pin 'eda_fifos/sync_fifo_downleft/comparator_inst/o_ready_s_reg/Q' has no loads. (LINT-2)
Warning: In design 'eda_regional_max', net 'eda_fifos/sync_fifo_downleft/o_almostfull' driven by pin 'eda_fifos/sync_fifo_downleft/comparator_inst/o_almostfull_reg/Q' has no loads. (LINT-2)
Warning: In design 'eda_regional_max', net 'eda_fifos/sync_fifo_downleft/o_valid_m' driven by pin 'eda_fifos/sync_fifo_downleft/comparator_inst/o_valid_m_reg/Q' has no loads. (LINT-2)
Warning: In design 'eda_regional_max', net 'eda_fifos/sync_fifo_downleft/o_almostempty' driven by pin 'eda_fifos/sync_fifo_downleft/comparator_inst/o_almostempty_reg/Q' has no loads. (LINT-2)
Warning: In design 'eda_regional_max', net 'eda_fifos/sync_fifo_right/o_ready_s' driven by pin 'eda_fifos/sync_fifo_right/comparator_inst/o_ready_s_reg/Q' has no loads. (LINT-2)
Warning: In design 'eda_regional_max', net 'eda_fifos/sync_fifo_right/o_almostfull' driven by pin 'eda_fifos/sync_fifo_right/comparator_inst/o_almostfull_reg/Q' has no loads. (LINT-2)
Warning: In design 'eda_regional_max', net 'eda_fifos/sync_fifo_right/o_valid_m' driven by pin 'eda_fifos/sync_fifo_right/comparator_inst/o_valid_m_reg/Q' has no loads. (LINT-2)
Warning: In design 'eda_regional_max', net 'eda_fifos/sync_fifo_right/o_almostempty' driven by pin 'eda_fifos/sync_fifo_right/comparator_inst/o_almostempty_reg/Q' has no loads. (LINT-2)
Warning: In design 'eda_regional_max', net 'eda_fifos/sync_fifo_left/o_ready_s' driven by pin 'eda_fifos/sync_fifo_left/comparator_inst/o_ready_s_reg/Q' has no loads. (LINT-2)
Warning: In design 'eda_regional_max', net 'eda_fifos/sync_fifo_left/o_almostfull' driven by pin 'eda_fifos/sync_fifo_left/comparator_inst/o_almostfull_reg/Q' has no loads. (LINT-2)
Warning: In design 'eda_regional_max', net 'eda_fifos/sync_fifo_left/o_valid_m' driven by pin 'eda_fifos/sync_fifo_left/comparator_inst/o_valid_m_reg/Q' has no loads. (LINT-2)
Warning: In design 'eda_regional_max', net 'eda_fifos/sync_fifo_left/o_almostempty' driven by pin 'eda_fifos/sync_fifo_left/comparator_inst/o_almostempty_reg/Q' has no loads. (LINT-2)
Warning: In design 'eda_regional_max', net 'eda_fifos/sync_fifo_upright/o_ready_s' driven by pin 'eda_fifos/sync_fifo_upright/comparator_inst/o_ready_s_reg/Q' has no loads. (LINT-2)
Warning: In design 'eda_regional_max', net 'eda_fifos/sync_fifo_upright/o_almostfull' driven by pin 'eda_fifos/sync_fifo_upright/comparator_inst/o_almostfull_reg/Q' has no loads. (LINT-2)
Warning: In design 'eda_regional_max', net 'eda_fifos/sync_fifo_upright/o_valid_m' driven by pin 'eda_fifos/sync_fifo_upright/comparator_inst/o_valid_m_reg/Q' has no loads. (LINT-2)
Warning: In design 'eda_regional_max', net 'eda_fifos/sync_fifo_upright/o_almostempty' driven by pin 'eda_fifos/sync_fifo_upright/comparator_inst/o_almostempty_reg/Q' has no loads. (LINT-2)
Warning: In design 'eda_regional_max', net 'eda_fifos/sync_fifo_up/o_ready_s' driven by pin 'eda_fifos/sync_fifo_up/comparator_inst/o_ready_s_reg/Q' has no loads. (LINT-2)
Warning: In design 'eda_regional_max', net 'eda_fifos/sync_fifo_up/o_almostfull' driven by pin 'eda_fifos/sync_fifo_up/comparator_inst/o_almostfull_reg/Q' has no loads. (LINT-2)
Warning: In design 'eda_regional_max', net 'eda_fifos/sync_fifo_up/o_valid_m' driven by pin 'eda_fifos/sync_fifo_up/comparator_inst/o_valid_m_reg/Q' has no loads. (LINT-2)
Warning: In design 'eda_regional_max', net 'eda_fifos/sync_fifo_up/o_almostempty' driven by pin 'eda_fifos/sync_fifo_up/comparator_inst/o_almostempty_reg/Q' has no loads. (LINT-2)
Warning: In design 'eda_regional_max', net 'eda_fifos/sync_fifo_upleft/o_ready_s' driven by pin 'eda_fifos/sync_fifo_upleft/comparator_inst/o_ready_s_reg/Q' has no loads. (LINT-2)
Warning: In design 'eda_regional_max', net 'eda_fifos/sync_fifo_upleft/o_almostfull' driven by pin 'eda_fifos/sync_fifo_upleft/comparator_inst/o_almostfull_reg/Q' has no loads. (LINT-2)
Warning: In design 'eda_regional_max', net 'eda_fifos/sync_fifo_upleft/o_valid_m' driven by pin 'eda_fifos/sync_fifo_upleft/comparator_inst/o_valid_m_reg/Q' has no loads. (LINT-2)
Warning: In design 'eda_regional_max', net 'eda_fifos/sync_fifo_upleft/o_almostempty' driven by pin 'eda_fifos/sync_fifo_upleft/comparator_inst/o_almostempty_reg/Q' has no loads. (LINT-2)
Warning: In design 'eda_regional_max', net 'eda_fifos/downright_read_en' driven by pin ' (no pin) ' has no loads. (LINT-2)
Warning: In design 'eda_regional_max', net 'eda_fifos/down_read_en' driven by pin ' (no pin) ' has no loads. (LINT-2)
Warning: In design 'eda_regional_max', net 'eda_fifos/downleft_read_en' driven by pin ' (no pin) ' has no loads. (LINT-2)
Warning: In design 'eda_regional_max', net 'eda_fifos/right_read_en' driven by pin ' (no pin) ' has no loads. (LINT-2)
Warning: In design 'eda_regional_max', net 'eda_fifos/left_read_en' driven by pin ' (no pin) ' has no loads. (LINT-2)
Warning: In design 'eda_regional_max', net 'eda_fifos/upright_read_en' driven by pin ' (no pin) ' has no loads. (LINT-2)
Warning: In design 'eda_regional_max', net 'eda_fifos/up_read_en' driven by pin ' (no pin) ' has no loads. (LINT-2)
Warning: In design 'eda_regional_max', net 'eda_fifos/upleft_read_en' driven by pin ' (no pin) ' has no loads. (LINT-2)
Warning: In design 'eda_regional_max', net 'eda_fifos/downright_push_position' driven by pin ' (no pin) ' has no loads. (LINT-2)
Warning: In design 'eda_regional_max', net 'eda_fifos/down_push_position' driven by pin ' (no pin) ' has no loads. (LINT-2)
Warning: In design 'eda_regional_max', net 'eda_fifos/downleft_push_position' driven by pin ' (no pin) ' has no loads. (LINT-2)
Warning: In design 'eda_regional_max', net 'eda_fifos/right_push_position' driven by pin ' (no pin) ' has no loads. (LINT-2)
Warning: In design 'eda_regional_max', net 'eda_fifos/left_push_position' driven by pin ' (no pin) ' has no loads. (LINT-2)
Warning: In design 'eda_regional_max', net 'eda_fifos/upright_push_position' driven by pin ' (no pin) ' has no loads. (LINT-2)
Warning: In design 'eda_regional_max', net 'eda_fifos/up_push_position' driven by pin ' (no pin) ' has no loads. (LINT-2)
Warning: In design 'eda_regional_max', net 'eda_fifos/upleft_push_position' driven by pin ' (no pin) ' has no loads. (LINT-2)
Warning: In design 'eda_regional_max', net 'eda_fifos/upleft_empty' driven by pin ' (no pin) ' has no loads. (LINT-2)
Warning: In design 'eda_regional_max', net 'eda_fifos/up_empty' driven by pin ' (no pin) ' has no loads. (LINT-2)
Warning: In design 'eda_regional_max', net 'eda_fifos/upright_empty' driven by pin ' (no pin) ' has no loads. (LINT-2)
Warning: In design 'eda_regional_max', net 'eda_fifos/left_empty' driven by pin ' (no pin) ' has no loads. (LINT-2)
Warning: In design 'eda_regional_max', net 'eda_fifos/right_empty' driven by pin ' (no pin) ' has no loads. (LINT-2)
Warning: In design 'eda_regional_max', net 'eda_fifos/downleft_empty' driven by pin ' (no pin) ' has no loads. (LINT-2)
Warning: In design 'eda_regional_max', net 'eda_fifos/down_empty' driven by pin ' (no pin) ' has no loads. (LINT-2)
Warning: In design 'eda_regional_max', net 'eda_fifos/downright_empty' driven by pin ' (no pin) ' has no loads. (LINT-2)
Warning: In design 'eda_regional_max', net 'eda_fifos/_0_net_[1]' driven by pin ' (no pin) ' has no loads. (LINT-2)
Warning: In design 'eda_regional_max', net 'eda_fifos/_0_net_[2]' driven by pin ' (no pin) ' has no loads. (LINT-2)
Warning: In design 'eda_regional_max', net 'eda_fifos/_0_net_[3]' driven by pin ' (no pin) ' has no loads. (LINT-2)
Warning: In design 'eda_regional_max', net 'eda_fifos/_1_net_[1]' driven by pin ' (no pin) ' has no loads. (LINT-2)
Warning: In design 'eda_regional_max', net 'eda_fifos/_1_net_[2]' driven by pin ' (no pin) ' has no loads. (LINT-2)
Warning: In design 'eda_regional_max', net 'eda_fifos/_1_net_[3]' driven by pin ' (no pin) ' has no loads. (LINT-2)
Warning: In design 'eda_regional_max', net 'eda_fifos/_2_net_[1]' driven by pin ' (no pin) ' has no loads. (LINT-2)
Warning: In design 'eda_regional_max', net 'eda_fifos/_2_net_[2]' driven by pin ' (no pin) ' has no loads. (LINT-2)
Warning: In design 'eda_regional_max', net 'eda_fifos/_2_net_[3]' driven by pin ' (no pin) ' has no loads. (LINT-2)
Warning: In design 'eda_regional_max', net 'eda_fifos/_3_net_[1]' driven by pin ' (no pin) ' has no loads. (LINT-2)
Warning: In design 'eda_regional_max', net 'eda_fifos/_3_net_[2]' driven by pin ' (no pin) ' has no loads. (LINT-2)
Warning: In design 'eda_regional_max', net 'eda_fifos/_3_net_[3]' driven by pin ' (no pin) ' has no loads. (LINT-2)
Warning: In design 'eda_regional_max', net 'eda_fifos/_4_net_[1]' driven by pin ' (no pin) ' has no loads. (LINT-2)
Warning: In design 'eda_regional_max', net 'eda_fifos/_4_net_[2]' driven by pin ' (no pin) ' has no loads. (LINT-2)
Warning: In design 'eda_regional_max', net 'eda_fifos/_4_net_[3]' driven by pin ' (no pin) ' has no loads. (LINT-2)
Warning: In design 'eda_regional_max', net 'eda_fifos/_5_net_[1]' driven by pin ' (no pin) ' has no loads. (LINT-2)
Warning: In design 'eda_regional_max', net 'eda_fifos/_5_net_[2]' driven by pin ' (no pin) ' has no loads. (LINT-2)
Warning: In design 'eda_regional_max', net 'eda_fifos/_5_net_[3]' driven by pin ' (no pin) ' has no loads. (LINT-2)
Warning: In design 'eda_regional_max', net 'eda_fifos/_6_net_[1]' driven by pin ' (no pin) ' has no loads. (LINT-2)
Warning: In design 'eda_regional_max', net 'eda_fifos/_6_net_[2]' driven by pin ' (no pin) ' has no loads. (LINT-2)
Warning: In design 'eda_regional_max', net 'eda_fifos/_6_net_[3]' driven by pin ' (no pin) ' has no loads. (LINT-2)
Warning: In design 'eda_regional_max', net 'eda_fifos/_7_net_[1]' driven by pin ' (no pin) ' has no loads. (LINT-2)
Warning: In design 'eda_regional_max', net 'eda_fifos/_7_net_[2]' driven by pin ' (no pin) ' has no loads. (LINT-2)
Warning: In design 'eda_regional_max', net 'eda_fifos/_7_net_[3]' driven by pin ' (no pin) ' has no loads. (LINT-2)
Warning: In design 'eda_regional_max', net 'eda_fifos/_8_net_[1]' driven by pin ' (no pin) ' has no loads. (LINT-2)
Warning: In design 'eda_regional_max', net 'eda_fifos/_8_net_[2]' driven by pin ' (no pin) ' has no loads. (LINT-2)
Warning: In design 'eda_regional_max', net 'eda_fifos/_8_net_[3]' driven by pin ' (no pin) ' has no loads. (LINT-2)
Warning: In design 'eda_regional_max', net 'eda_fifos/_9_net_[1]' driven by pin ' (no pin) ' has no loads. (LINT-2)
Warning: In design 'eda_regional_max', net 'eda_fifos/_9_net_[2]' driven by pin ' (no pin) ' has no loads. (LINT-2)
Warning: In design 'eda_regional_max', net 'eda_fifos/_9_net_[3]' driven by pin ' (no pin) ' has no loads. (LINT-2)
Warning: In design 'eda_regional_max', net 'eda_fifos/_10_net_[1]' driven by pin ' (no pin) ' has no loads. (LINT-2)
Warning: In design 'eda_regional_max', net 'eda_fifos/_10_net_[2]' driven by pin ' (no pin) ' has no loads. (LINT-2)
Warning: In design 'eda_regional_max', net 'eda_fifos/_10_net_[3]' driven by pin ' (no pin) ' has no loads. (LINT-2)
Warning: In design 'eda_regional_max', net 'eda_fifos/_11_net_[1]' driven by pin ' (no pin) ' has no loads. (LINT-2)
Warning: In design 'eda_regional_max', net 'eda_fifos/_11_net_[2]' driven by pin ' (no pin) ' has no loads. (LINT-2)
Warning: In design 'eda_regional_max', net 'eda_fifos/_11_net_[3]' driven by pin ' (no pin) ' has no loads. (LINT-2)
Warning: In design 'eda_regional_max', net 'eda_fifos/_12_net_[1]' driven by pin ' (no pin) ' has no loads. (LINT-2)
Warning: In design 'eda_regional_max', net 'eda_fifos/_12_net_[2]' driven by pin ' (no pin) ' has no loads. (LINT-2)
Warning: In design 'eda_regional_max', net 'eda_fifos/_12_net_[3]' driven by pin ' (no pin) ' has no loads. (LINT-2)
Warning: In design 'eda_regional_max', net 'eda_fifos/_13_net_[1]' driven by pin ' (no pin) ' has no loads. (LINT-2)
Warning: In design 'eda_regional_max', net 'eda_fifos/_13_net_[2]' driven by pin ' (no pin) ' has no loads. (LINT-2)
Warning: In design 'eda_regional_max', net 'eda_fifos/_13_net_[3]' driven by pin ' (no pin) ' has no loads. (LINT-2)
Warning: In design 'eda_regional_max', net 'eda_fifos/_14_net_[1]' driven by pin ' (no pin) ' has no loads. (LINT-2)
Warning: In design 'eda_regional_max', net 'eda_fifos/_14_net_[2]' driven by pin ' (no pin) ' has no loads. (LINT-2)
Warning: In design 'eda_regional_max', net 'eda_fifos/_14_net_[3]' driven by pin ' (no pin) ' has no loads. (LINT-2)
Warning: In design 'eda_regional_max', net 'eda_fifos/_15_net_[1]' driven by pin ' (no pin) ' has no loads. (LINT-2)
Warning: In design 'eda_regional_max', net 'eda_fifos/_15_net_[2]' driven by pin ' (no pin) ' has no loads. (LINT-2)
Warning: In design 'eda_regional_max', net 'eda_fifos/_15_net_[3]' driven by pin ' (no pin) ' has no loads. (LINT-2)
Warning: In design 'eda_regional_max', net 'eda_controller/new_pixel_cld' driven by pin ' (no pin) ' has no loads. (LINT-2)
Warning: In design 'eda_regional_max', net 'eda_controller/done_cld' driven by pin ' (no pin) ' has no loads. (LINT-2)
Warning: In design 'eda_regional_max', net 'eda_strobe_ram/addr_arr[7][5]' has no drivers.  Logic 0 assumed. (LINT-3)
Warning: In design 'eda_regional_max', net 'eda_strobe_ram/addr_arr[7][4]' has no drivers.  Logic 0 assumed. (LINT-3)
Warning: In design 'eda_regional_max', net 'eda_strobe_ram/addr_arr[7][3]' has no drivers.  Logic 0 assumed. (LINT-3)
Warning: In design 'eda_regional_max', net 'eda_strobe_ram/addr_arr[7][2]' has no drivers.  Logic 0 assumed. (LINT-3)
Warning: In design 'eda_regional_max', net 'eda_strobe_ram/addr_arr[7][1]' has no drivers.  Logic 0 assumed. (LINT-3)
Warning: In design 'eda_regional_max', net 'eda_strobe_ram/addr_arr[7][0]' has no drivers.  Logic 0 assumed. (LINT-3)
Warning: In design 'eda_regional_max', net 'eda_strobe_ram/addr_arr[6][5]' has no drivers.  Logic 0 assumed. (LINT-3)
Warning: In design 'eda_regional_max', net 'eda_strobe_ram/addr_arr[6][4]' has no drivers.  Logic 0 assumed. (LINT-3)
Warning: In design 'eda_regional_max', net 'eda_strobe_ram/addr_arr[6][3]' has no drivers.  Logic 0 assumed. (LINT-3)
Warning: In design 'eda_regional_max', net 'eda_strobe_ram/addr_arr[6][2]' has no drivers.  Logic 0 assumed. (LINT-3)
Warning: In design 'eda_regional_max', net 'eda_strobe_ram/addr_arr[6][1]' has no drivers.  Logic 0 assumed. (LINT-3)
Warning: In design 'eda_regional_max', net 'eda_strobe_ram/addr_arr[6][0]' has no drivers.  Logic 0 assumed. (LINT-3)
Warning: In design 'eda_regional_max', net 'eda_strobe_ram/addr_arr[5][5]' has no drivers.  Logic 0 assumed. (LINT-3)
Warning: In design 'eda_regional_max', net 'eda_strobe_ram/addr_arr[5][4]' has no drivers.  Logic 0 assumed. (LINT-3)
Warning: In design 'eda_regional_max', net 'eda_strobe_ram/addr_arr[5][3]' has no drivers.  Logic 0 assumed. (LINT-3)
Warning: In design 'eda_regional_max', net 'eda_strobe_ram/addr_arr[5][2]' has no drivers.  Logic 0 assumed. (LINT-3)
Warning: In design 'eda_regional_max', net 'eda_strobe_ram/addr_arr[5][1]' has no drivers.  Logic 0 assumed. (LINT-3)
Warning: In design 'eda_regional_max', net 'eda_strobe_ram/addr_arr[5][0]' has no drivers.  Logic 0 assumed. (LINT-3)
Warning: In design 'eda_regional_max', net 'eda_strobe_ram/addr_arr[4][5]' has no drivers.  Logic 0 assumed. (LINT-3)
Warning: In design 'eda_regional_max', net 'eda_strobe_ram/addr_arr[4][4]' has no drivers.  Logic 0 assumed. (LINT-3)
Warning: In design 'eda_regional_max', net 'eda_strobe_ram/addr_arr[4][3]' has no drivers.  Logic 0 assumed. (LINT-3)
Warning: In design 'eda_regional_max', net 'eda_strobe_ram/addr_arr[4][2]' has no drivers.  Logic 0 assumed. (LINT-3)
Warning: In design 'eda_regional_max', net 'eda_strobe_ram/addr_arr[4][1]' has no drivers.  Logic 0 assumed. (LINT-3)
Warning: In design 'eda_regional_max', net 'eda_strobe_ram/addr_arr[4][0]' has no drivers.  Logic 0 assumed. (LINT-3)
Warning: In design 'eda_regional_max', net 'eda_strobe_ram/addr_arr[3][5]' has no drivers.  Logic 0 assumed. (LINT-3)
Warning: In design 'eda_regional_max', net 'eda_strobe_ram/addr_arr[3][4]' has no drivers.  Logic 0 assumed. (LINT-3)
Warning: In design 'eda_regional_max', net 'eda_strobe_ram/addr_arr[3][3]' has no drivers.  Logic 0 assumed. (LINT-3)
Warning: In design 'eda_regional_max', net 'eda_strobe_ram/addr_arr[3][2]' has no drivers.  Logic 0 assumed. (LINT-3)
Warning: In design 'eda_regional_max', net 'eda_strobe_ram/addr_arr[3][1]' has no drivers.  Logic 0 assumed. (LINT-3)
Warning: In design 'eda_regional_max', net 'eda_strobe_ram/addr_arr[3][0]' has no drivers.  Logic 0 assumed. (LINT-3)
Warning: In design 'eda_regional_max', net 'eda_strobe_ram/addr_arr[2][5]' has no drivers.  Logic 0 assumed. (LINT-3)
Warning: In design 'eda_regional_max', net 'eda_strobe_ram/addr_arr[2][4]' has no drivers.  Logic 0 assumed. (LINT-3)
Warning: In design 'eda_regional_max', net 'eda_strobe_ram/addr_arr[2][3]' has no drivers.  Logic 0 assumed. (LINT-3)
Warning: In design 'eda_regional_max', net 'eda_strobe_ram/addr_arr[2][2]' has no drivers.  Logic 0 assumed. (LINT-3)
Warning: In design 'eda_regional_max', net 'eda_strobe_ram/addr_arr[2][1]' has no drivers.  Logic 0 assumed. (LINT-3)
Warning: In design 'eda_regional_max', net 'eda_strobe_ram/addr_arr[2][0]' has no drivers.  Logic 0 assumed. (LINT-3)
Warning: In design 'eda_regional_max', net 'eda_strobe_ram/addr_arr[1][5]' has no drivers.  Logic 0 assumed. (LINT-3)
Warning: In design 'eda_regional_max', net 'eda_strobe_ram/addr_arr[1][4]' has no drivers.  Logic 0 assumed. (LINT-3)
Warning: In design 'eda_regional_max', net 'eda_strobe_ram/addr_arr[1][3]' has no drivers.  Logic 0 assumed. (LINT-3)
Warning: In design 'eda_regional_max', net 'eda_strobe_ram/addr_arr[1][2]' has no drivers.  Logic 0 assumed. (LINT-3)
Warning: In design 'eda_regional_max', net 'eda_strobe_ram/addr_arr[1][1]' has no drivers.  Logic 0 assumed. (LINT-3)
Warning: In design 'eda_regional_max', net 'eda_strobe_ram/addr_arr[1][0]' has no drivers.  Logic 0 assumed. (LINT-3)
Warning: In design 'eda_regional_max', net 'eda_strobe_ram/addr_arr[0][5]' has no drivers.  Logic 0 assumed. (LINT-3)
Warning: In design 'eda_regional_max', net 'eda_strobe_ram/addr_arr[0][4]' has no drivers.  Logic 0 assumed. (LINT-3)
Warning: In design 'eda_regional_max', net 'eda_strobe_ram/addr_arr[0][3]' has no drivers.  Logic 0 assumed. (LINT-3)
Warning: In design 'eda_regional_max', net 'eda_strobe_ram/addr_arr[0][2]' has no drivers.  Logic 0 assumed. (LINT-3)
Warning: In design 'eda_regional_max', net 'eda_strobe_ram/addr_arr[0][1]' has no drivers.  Logic 0 assumed. (LINT-3)
Warning: In design 'eda_regional_max', net 'eda_strobe_ram/addr_arr[0][0]' has no drivers.  Logic 0 assumed. (LINT-3)
Warning: In design 'eda_regional_max', net 'eda_strobe_ram/strb_memory[5][5]' has no drivers.  Logic 0 assumed. (LINT-3)
Warning: In design 'eda_regional_max', net 'eda_strobe_ram/strb_memory[5][4]' has no drivers.  Logic 0 assumed. (LINT-3)
Warning: In design 'eda_regional_max', net 'eda_strobe_ram/strb_memory[5][3]' has no drivers.  Logic 0 assumed. (LINT-3)
Warning: In design 'eda_regional_max', net 'eda_strobe_ram/strb_memory[5][2]' has no drivers.  Logic 0 assumed. (LINT-3)
Warning: In design 'eda_regional_max', net 'eda_strobe_ram/strb_memory[5][1]' has no drivers.  Logic 0 assumed. (LINT-3)
Warning: In design 'eda_regional_max', net 'eda_strobe_ram/strb_memory[5][0]' has no drivers.  Logic 0 assumed. (LINT-3)
Warning: In design 'eda_regional_max', net 'eda_strobe_ram/strb_memory[4][5]' has no drivers.  Logic 0 assumed. (LINT-3)
Warning: In design 'eda_regional_max', net 'eda_strobe_ram/strb_memory[4][4]' has no drivers.  Logic 0 assumed. (LINT-3)
Warning: In design 'eda_regional_max', net 'eda_strobe_ram/strb_memory[4][3]' has no drivers.  Logic 0 assumed. (LINT-3)
Warning: In design 'eda_regional_max', net 'eda_strobe_ram/strb_memory[4][2]' has no drivers.  Logic 0 assumed. (LINT-3)
Warning: In design 'eda_regional_max', net 'eda_strobe_ram/strb_memory[4][1]' has no drivers.  Logic 0 assumed. (LINT-3)
Warning: In design 'eda_regional_max', net 'eda_strobe_ram/strb_memory[4][0]' has no drivers.  Logic 0 assumed. (LINT-3)
Warning: In design 'eda_regional_max', net 'eda_strobe_ram/strb_memory[3][5]' has no drivers.  Logic 0 assumed. (LINT-3)
Warning: In design 'eda_regional_max', net 'eda_strobe_ram/strb_memory[3][4]' has no drivers.  Logic 0 assumed. (LINT-3)
Warning: In design 'eda_regional_max', net 'eda_strobe_ram/strb_memory[3][3]' has no drivers.  Logic 0 assumed. (LINT-3)
Warning: In design 'eda_regional_max', net 'eda_strobe_ram/strb_memory[3][2]' has no drivers.  Logic 0 assumed. (LINT-3)
Warning: In design 'eda_regional_max', net 'eda_strobe_ram/strb_memory[3][1]' has no drivers.  Logic 0 assumed. (LINT-3)
Warning: In design 'eda_regional_max', net 'eda_strobe_ram/strb_memory[3][0]' has no drivers.  Logic 0 assumed. (LINT-3)
Warning: In design 'eda_regional_max', net 'eda_strobe_ram/strb_memory[2][5]' has no drivers.  Logic 0 assumed. (LINT-3)
Warning: In design 'eda_regional_max', net 'eda_strobe_ram/strb_memory[2][4]' has no drivers.  Logic 0 assumed. (LINT-3)
Warning: In design 'eda_regional_max', net 'eda_strobe_ram/strb_memory[2][3]' has no drivers.  Logic 0 assumed. (LINT-3)
Warning: In design 'eda_regional_max', net 'eda_strobe_ram/strb_memory[2][2]' has no drivers.  Logic 0 assumed. (LINT-3)
Warning: In design 'eda_regional_max', net 'eda_strobe_ram/strb_memory[2][1]' has no drivers.  Logic 0 assumed. (LINT-3)
Warning: In design 'eda_regional_max', net 'eda_strobe_ram/strb_memory[2][0]' has no drivers.  Logic 0 assumed. (LINT-3)
Warning: In design 'eda_regional_max', net 'eda_strobe_ram/strb_memory[1][5]' has no drivers.  Logic 0 assumed. (LINT-3)
Warning: In design 'eda_regional_max', net 'eda_strobe_ram/strb_memory[1][4]' has no drivers.  Logic 0 assumed. (LINT-3)
Warning: In design 'eda_regional_max', net 'eda_strobe_ram/strb_memory[1][3]' has no drivers.  Logic 0 assumed. (LINT-3)
Warning: In design 'eda_regional_max', net 'eda_strobe_ram/strb_memory[1][2]' has no drivers.  Logic 0 assumed. (LINT-3)
Warning: In design 'eda_regional_max', net 'eda_strobe_ram/strb_memory[1][1]' has no drivers.  Logic 0 assumed. (LINT-3)
Warning: In design 'eda_regional_max', net 'eda_strobe_ram/strb_memory[1][0]' has no drivers.  Logic 0 assumed. (LINT-3)
Warning: In design 'eda_regional_max', net 'eda_strobe_ram/strb_memory[0][5]' has no drivers.  Logic 0 assumed. (LINT-3)
Warning: In design 'eda_regional_max', net 'eda_strobe_ram/strb_memory[0][4]' has no drivers.  Logic 0 assumed. (LINT-3)
Warning: In design 'eda_regional_max', net 'eda_strobe_ram/strb_memory[0][3]' has no drivers.  Logic 0 assumed. (LINT-3)
Warning: In design 'eda_regional_max', net 'eda_strobe_ram/strb_memory[0][2]' has no drivers.  Logic 0 assumed. (LINT-3)
Warning: In design 'eda_regional_max', net 'eda_strobe_ram/strb_memory[0][1]' has no drivers.  Logic 0 assumed. (LINT-3)
Warning: In design 'eda_regional_max', net 'eda_strobe_ram/strb_memory[0][0]' has no drivers.  Logic 0 assumed. (LINT-3)
Warning: In design 'eda_regional_max', net 'eda_iterated_ram/iterated_memory[5][5]' has no drivers.  Logic 0 assumed. (LINT-3)
Warning: In design 'eda_regional_max', net 'eda_iterated_ram/iterated_memory[5][4]' has no drivers.  Logic 0 assumed. (LINT-3)
Warning: In design 'eda_regional_max', net 'eda_iterated_ram/iterated_memory[5][3]' has no drivers.  Logic 0 assumed. (LINT-3)
Warning: In design 'eda_regional_max', net 'eda_iterated_ram/iterated_memory[5][2]' has no drivers.  Logic 0 assumed. (LINT-3)
Warning: In design 'eda_regional_max', net 'eda_iterated_ram/iterated_memory[5][1]' has no drivers.  Logic 0 assumed. (LINT-3)
Warning: In design 'eda_regional_max', net 'eda_iterated_ram/iterated_memory[5][0]' has no drivers.  Logic 0 assumed. (LINT-3)
Warning: In design 'eda_regional_max', net 'eda_iterated_ram/iterated_memory[4][5]' has no drivers.  Logic 0 assumed. (LINT-3)
Warning: In design 'eda_regional_max', net 'eda_iterated_ram/iterated_memory[4][4]' has no drivers.  Logic 0 assumed. (LINT-3)
Warning: In design 'eda_regional_max', net 'eda_iterated_ram/iterated_memory[4][3]' has no drivers.  Logic 0 assumed. (LINT-3)
Warning: In design 'eda_regional_max', net 'eda_iterated_ram/iterated_memory[4][2]' has no drivers.  Logic 0 assumed. (LINT-3)
Warning: In design 'eda_regional_max', net 'eda_iterated_ram/iterated_memory[4][1]' has no drivers.  Logic 0 assumed. (LINT-3)
Warning: In design 'eda_regional_max', net 'eda_iterated_ram/iterated_memory[4][0]' has no drivers.  Logic 0 assumed. (LINT-3)
Warning: In design 'eda_regional_max', net 'eda_iterated_ram/iterated_memory[3][5]' has no drivers.  Logic 0 assumed. (LINT-3)
Warning: In design 'eda_regional_max', net 'eda_iterated_ram/iterated_memory[3][4]' has no drivers.  Logic 0 assumed. (LINT-3)
Warning: In design 'eda_regional_max', net 'eda_iterated_ram/iterated_memory[3][3]' has no drivers.  Logic 0 assumed. (LINT-3)
Warning: In design 'eda_regional_max', net 'eda_iterated_ram/iterated_memory[3][2]' has no drivers.  Logic 0 assumed. (LINT-3)
Warning: In design 'eda_regional_max', net 'eda_iterated_ram/iterated_memory[3][1]' has no drivers.  Logic 0 assumed. (LINT-3)
Warning: In design 'eda_regional_max', net 'eda_iterated_ram/iterated_memory[3][0]' has no drivers.  Logic 0 assumed. (LINT-3)
Warning: In design 'eda_regional_max', net 'eda_iterated_ram/iterated_memory[2][5]' has no drivers.  Logic 0 assumed. (LINT-3)
Warning: In design 'eda_regional_max', net 'eda_iterated_ram/iterated_memory[2][4]' has no drivers.  Logic 0 assumed. (LINT-3)
Warning: In design 'eda_regional_max', net 'eda_iterated_ram/iterated_memory[2][3]' has no drivers.  Logic 0 assumed. (LINT-3)
Warning: In design 'eda_regional_max', net 'eda_iterated_ram/iterated_memory[2][2]' has no drivers.  Logic 0 assumed. (LINT-3)
Warning: In design 'eda_regional_max', net 'eda_iterated_ram/iterated_memory[2][1]' has no drivers.  Logic 0 assumed. (LINT-3)
Warning: In design 'eda_regional_max', net 'eda_iterated_ram/iterated_memory[2][0]' has no drivers.  Logic 0 assumed. (LINT-3)
Warning: In design 'eda_regional_max', net 'eda_iterated_ram/iterated_memory[1][5]' has no drivers.  Logic 0 assumed. (LINT-3)
Warning: In design 'eda_regional_max', net 'eda_iterated_ram/iterated_memory[1][4]' has no drivers.  Logic 0 assumed. (LINT-3)
Warning: In design 'eda_regional_max', net 'eda_iterated_ram/iterated_memory[1][3]' has no drivers.  Logic 0 assumed. (LINT-3)
Warning: In design 'eda_regional_max', net 'eda_iterated_ram/iterated_memory[1][2]' has no drivers.  Logic 0 assumed. (LINT-3)
Warning: In design 'eda_regional_max', net 'eda_iterated_ram/iterated_memory[1][1]' has no drivers.  Logic 0 assumed. (LINT-3)
Warning: In design 'eda_regional_max', net 'eda_iterated_ram/iterated_memory[1][0]' has no drivers.  Logic 0 assumed. (LINT-3)
Warning: In design 'eda_regional_max', net 'eda_iterated_ram/iterated_memory[0][5]' has no drivers.  Logic 0 assumed. (LINT-3)
Warning: In design 'eda_regional_max', net 'eda_iterated_ram/iterated_memory[0][4]' has no drivers.  Logic 0 assumed. (LINT-3)
Warning: In design 'eda_regional_max', net 'eda_iterated_ram/iterated_memory[0][3]' has no drivers.  Logic 0 assumed. (LINT-3)
Warning: In design 'eda_regional_max', net 'eda_iterated_ram/iterated_memory[0][2]' has no drivers.  Logic 0 assumed. (LINT-3)
Warning: In design 'eda_regional_max', net 'eda_iterated_ram/iterated_memory[0][1]' has no drivers.  Logic 0 assumed. (LINT-3)
Warning: In design 'eda_regional_max', net 'eda_iterated_ram/iterated_memory[0][0]' has no drivers.  Logic 0 assumed. (LINT-3)
Warning: In design 'eda_regional_max', net 'eda_iterated_ram/addr_arr[7][5]' has no drivers.  Logic 0 assumed. (LINT-3)
Warning: In design 'eda_regional_max', net 'eda_iterated_ram/addr_arr[7][4]' has no drivers.  Logic 0 assumed. (LINT-3)
Warning: In design 'eda_regional_max', net 'eda_iterated_ram/addr_arr[7][3]' has no drivers.  Logic 0 assumed. (LINT-3)
Warning: In design 'eda_regional_max', net 'eda_iterated_ram/addr_arr[7][2]' has no drivers.  Logic 0 assumed. (LINT-3)
Warning: In design 'eda_regional_max', net 'eda_iterated_ram/addr_arr[7][1]' has no drivers.  Logic 0 assumed. (LINT-3)
Warning: In design 'eda_regional_max', net 'eda_iterated_ram/addr_arr[7][0]' has no drivers.  Logic 0 assumed. (LINT-3)
Warning: In design 'eda_regional_max', net 'eda_iterated_ram/addr_arr[6][5]' has no drivers.  Logic 0 assumed. (LINT-3)
Warning: In design 'eda_regional_max', net 'eda_iterated_ram/addr_arr[6][4]' has no drivers.  Logic 0 assumed. (LINT-3)
Warning: In design 'eda_regional_max', net 'eda_iterated_ram/addr_arr[6][3]' has no drivers.  Logic 0 assumed. (LINT-3)
Warning: In design 'eda_regional_max', net 'eda_iterated_ram/addr_arr[6][2]' has no drivers.  Logic 0 assumed. (LINT-3)
Warning: In design 'eda_regional_max', net 'eda_iterated_ram/addr_arr[6][1]' has no drivers.  Logic 0 assumed. (LINT-3)
Warning: In design 'eda_regional_max', net 'eda_iterated_ram/addr_arr[6][0]' has no drivers.  Logic 0 assumed. (LINT-3)
Warning: In design 'eda_regional_max', net 'eda_iterated_ram/addr_arr[5][5]' has no drivers.  Logic 0 assumed. (LINT-3)
Warning: In design 'eda_regional_max', net 'eda_iterated_ram/addr_arr[5][4]' has no drivers.  Logic 0 assumed. (LINT-3)
Warning: In design 'eda_regional_max', net 'eda_iterated_ram/addr_arr[5][3]' has no drivers.  Logic 0 assumed. (LINT-3)
Warning: In design 'eda_regional_max', net 'eda_iterated_ram/addr_arr[5][2]' has no drivers.  Logic 0 assumed. (LINT-3)
Warning: In design 'eda_regional_max', net 'eda_iterated_ram/addr_arr[5][1]' has no drivers.  Logic 0 assumed. (LINT-3)
Warning: In design 'eda_regional_max', net 'eda_iterated_ram/addr_arr[5][0]' has no drivers.  Logic 0 assumed. (LINT-3)
Warning: In design 'eda_regional_max', net 'eda_iterated_ram/addr_arr[4][5]' has no drivers.  Logic 0 assumed. (LINT-3)
Warning: In design 'eda_regional_max', net 'eda_iterated_ram/addr_arr[4][4]' has no drivers.  Logic 0 assumed. (LINT-3)
Warning: In design 'eda_regional_max', net 'eda_iterated_ram/addr_arr[4][3]' has no drivers.  Logic 0 assumed. (LINT-3)
Warning: In design 'eda_regional_max', net 'eda_iterated_ram/addr_arr[4][2]' has no drivers.  Logic 0 assumed. (LINT-3)
Warning: In design 'eda_regional_max', net 'eda_iterated_ram/addr_arr[4][1]' has no drivers.  Logic 0 assumed. (LINT-3)
Warning: In design 'eda_regional_max', net 'eda_iterated_ram/addr_arr[4][0]' has no drivers.  Logic 0 assumed. (LINT-3)
Warning: In design 'eda_regional_max', net 'eda_iterated_ram/addr_arr[3][5]' has no drivers.  Logic 0 assumed. (LINT-3)
Warning: In design 'eda_regional_max', net 'eda_iterated_ram/addr_arr[3][4]' has no drivers.  Logic 0 assumed. (LINT-3)
Warning: In design 'eda_regional_max', net 'eda_iterated_ram/addr_arr[3][3]' has no drivers.  Logic 0 assumed. (LINT-3)
Warning: In design 'eda_regional_max', net 'eda_iterated_ram/addr_arr[3][2]' has no drivers.  Logic 0 assumed. (LINT-3)
Warning: In design 'eda_regional_max', net 'eda_iterated_ram/addr_arr[3][1]' has no drivers.  Logic 0 assumed. (LINT-3)
Warning: In design 'eda_regional_max', net 'eda_iterated_ram/addr_arr[3][0]' has no drivers.  Logic 0 assumed. (LINT-3)
Warning: In design 'eda_regional_max', net 'eda_iterated_ram/addr_arr[2][5]' has no drivers.  Logic 0 assumed. (LINT-3)
Warning: In design 'eda_regional_max', net 'eda_iterated_ram/addr_arr[2][4]' has no drivers.  Logic 0 assumed. (LINT-3)
Warning: In design 'eda_regional_max', net 'eda_iterated_ram/addr_arr[2][3]' has no drivers.  Logic 0 assumed. (LINT-3)
Warning: In design 'eda_regional_max', net 'eda_iterated_ram/addr_arr[2][2]' has no drivers.  Logic 0 assumed. (LINT-3)
Warning: In design 'eda_regional_max', net 'eda_iterated_ram/addr_arr[2][1]' has no drivers.  Logic 0 assumed. (LINT-3)
Warning: In design 'eda_regional_max', net 'eda_iterated_ram/addr_arr[2][0]' has no drivers.  Logic 0 assumed. (LINT-3)
Warning: In design 'eda_regional_max', net 'eda_iterated_ram/addr_arr[1][5]' has no drivers.  Logic 0 assumed. (LINT-3)
Warning: In design 'eda_regional_max', net 'eda_iterated_ram/addr_arr[1][4]' has no drivers.  Logic 0 assumed. (LINT-3)
Warning: In design 'eda_regional_max', net 'eda_iterated_ram/addr_arr[1][3]' has no drivers.  Logic 0 assumed. (LINT-3)
Warning: In design 'eda_regional_max', net 'eda_iterated_ram/addr_arr[1][2]' has no drivers.  Logic 0 assumed. (LINT-3)
Warning: In design 'eda_regional_max', net 'eda_iterated_ram/addr_arr[1][1]' has no drivers.  Logic 0 assumed. (LINT-3)
Warning: In design 'eda_regional_max', net 'eda_iterated_ram/addr_arr[1][0]' has no drivers.  Logic 0 assumed. (LINT-3)
Warning: In design 'eda_regional_max', net 'eda_iterated_ram/addr_arr[0][5]' has no drivers.  Logic 0 assumed. (LINT-3)
Warning: In design 'eda_regional_max', net 'eda_iterated_ram/addr_arr[0][4]' has no drivers.  Logic 0 assumed. (LINT-3)
Warning: In design 'eda_regional_max', net 'eda_iterated_ram/addr_arr[0][3]' has no drivers.  Logic 0 assumed. (LINT-3)
Warning: In design 'eda_regional_max', net 'eda_iterated_ram/addr_arr[0][2]' has no drivers.  Logic 0 assumed. (LINT-3)
Warning: In design 'eda_regional_max', net 'eda_iterated_ram/addr_arr[0][1]' has no drivers.  Logic 0 assumed. (LINT-3)
Warning: In design 'eda_regional_max', net 'eda_iterated_ram/addr_arr[0][0]' has no drivers.  Logic 0 assumed. (LINT-3)
Warning: In design 'eda_regional_max', net 'eda_img_ram/up_addr[5]' has no drivers.  Logic 0 assumed. (LINT-3)
Warning: In design 'eda_regional_max', net 'eda_img_ram/up_addr[4]' has no drivers.  Logic 0 assumed. (LINT-3)
Warning: In design 'eda_regional_max', net 'eda_img_ram/up_addr[3]' has no drivers.  Logic 0 assumed. (LINT-3)
Warning: In design 'eda_regional_max', net 'eda_img_ram/upright_addr[5]' has no drivers.  Logic 0 assumed. (LINT-3)
Warning: In design 'eda_regional_max', net 'eda_img_ram/upright_addr[4]' has no drivers.  Logic 0 assumed. (LINT-3)
Warning: In design 'eda_regional_max', net 'eda_img_ram/upright_addr[3]' has no drivers.  Logic 0 assumed. (LINT-3)
Warning: In design 'eda_regional_max', net 'eda_img_ram/left_addr[2]' has no drivers.  Logic 0 assumed. (LINT-3)
Warning: In design 'eda_regional_max', net 'eda_img_ram/left_addr[1]' has no drivers.  Logic 0 assumed. (LINT-3)
Warning: In design 'eda_regional_max', net 'eda_img_ram/left_addr[0]' has no drivers.  Logic 0 assumed. (LINT-3)
Warning: In design 'eda_regional_max', net 'eda_img_ram/right_addr[5]' has no drivers.  Logic 0 assumed. (LINT-3)
Warning: In design 'eda_regional_max', net 'eda_img_ram/right_addr[4]' has no drivers.  Logic 0 assumed. (LINT-3)
Warning: In design 'eda_regional_max', net 'eda_img_ram/right_addr[3]' has no drivers.  Logic 0 assumed. (LINT-3)
Warning: In design 'eda_regional_max', net 'eda_img_ram/right_addr[2]' has no drivers.  Logic 0 assumed. (LINT-3)
Warning: In design 'eda_regional_max', net 'eda_img_ram/right_addr[1]' has no drivers.  Logic 0 assumed. (LINT-3)
Warning: In design 'eda_regional_max', net 'eda_img_ram/right_addr[0]' has no drivers.  Logic 0 assumed. (LINT-3)
Warning: In design 'eda_regional_max', net 'eda_img_ram/downleft_addr[2]' has no drivers.  Logic 0 assumed. (LINT-3)
Warning: In design 'eda_regional_max', net 'eda_img_ram/downleft_addr[1]' has no drivers.  Logic 0 assumed. (LINT-3)
Warning: In design 'eda_regional_max', net 'eda_img_ram/downleft_addr[0]' has no drivers.  Logic 0 assumed. (LINT-3)
Warning: In design 'eda_regional_max', net 'eda_img_ram/down_addr[5]' has no drivers.  Logic 0 assumed. (LINT-3)
Warning: In design 'eda_regional_max', net 'eda_img_ram/down_addr[4]' has no drivers.  Logic 0 assumed. (LINT-3)
Warning: In design 'eda_regional_max', net 'eda_img_ram/down_addr[3]' has no drivers.  Logic 0 assumed. (LINT-3)
Warning: In design 'eda_regional_max', net 'eda_img_ram/down_addr[2]' has no drivers.  Logic 0 assumed. (LINT-3)
Warning: In design 'eda_regional_max', net 'eda_img_ram/down_addr[1]' has no drivers.  Logic 0 assumed. (LINT-3)
Warning: In design 'eda_regional_max', net 'eda_img_ram/down_addr[0]' has no drivers.  Logic 0 assumed. (LINT-3)
Warning: In design 'eda_regional_max', net 'eda_img_ram/downright_addr[5]' has no drivers.  Logic 0 assumed. (LINT-3)
Warning: In design 'eda_regional_max', net 'eda_img_ram/downright_addr[4]' has no drivers.  Logic 0 assumed. (LINT-3)
Warning: In design 'eda_regional_max', net 'eda_img_ram/downright_addr[3]' has no drivers.  Logic 0 assumed. (LINT-3)
Warning: In design 'eda_regional_max', net 'eda_img_ram/downright_addr[2]' has no drivers.  Logic 0 assumed. (LINT-3)
Warning: In design 'eda_regional_max', net 'eda_img_ram/downright_addr[1]' has no drivers.  Logic 0 assumed. (LINT-3)
Warning: In design 'eda_regional_max', net 'eda_img_ram/downright_addr[0]' has no drivers.  Logic 0 assumed. (LINT-3)
Warning: In design 'eda_regional_max', net 'eda_img_ram/i_pixel[2]' has no drivers.  Logic 0 assumed. (LINT-3)
Warning: In design 'eda_regional_max', net 'eda_img_ram/i_pixel[1]' has no drivers.  Logic 0 assumed. (LINT-3)
Warning: In design 'eda_regional_max', net 'eda_img_ram/i_pixel[0]' has no drivers.  Logic 0 assumed. (LINT-3)
Warning: In design 'eda_regional_max', net 'eda_img_ram/j_pixel[2]' has no drivers.  Logic 0 assumed. (LINT-3)
Warning: In design 'eda_regional_max', net 'eda_img_ram/j_pixel[1]' has no drivers.  Logic 0 assumed. (LINT-3)
Warning: In design 'eda_regional_max', net 'eda_img_ram/j_pixel[0]' has no drivers.  Logic 0 assumed. (LINT-3)
Warning: In design 'eda_regional_max', net 'eda_img_ram/i_center[2]' has no drivers.  Logic 0 assumed. (LINT-3)
Warning: In design 'eda_regional_max', net 'eda_img_ram/i_center[1]' has no drivers.  Logic 0 assumed. (LINT-3)
Warning: In design 'eda_regional_max', net 'eda_img_ram/i_center[0]' has no drivers.  Logic 0 assumed. (LINT-3)
Warning: In design 'eda_regional_max', net 'eda_img_ram/j_center[2]' has no drivers.  Logic 0 assumed. (LINT-3)
Warning: In design 'eda_regional_max', net 'eda_img_ram/j_center[1]' has no drivers.  Logic 0 assumed. (LINT-3)
Warning: In design 'eda_regional_max', net 'eda_img_ram/j_center[0]' has no drivers.  Logic 0 assumed. (LINT-3)
Warning: In design 'eda_regional_max', net 'eda_img_ram/i_center_minus[2]' has no drivers.  Logic 0 assumed. (LINT-3)
Warning: In design 'eda_regional_max', net 'eda_img_ram/i_center_minus[1]' has no drivers.  Logic 0 assumed. (LINT-3)
Warning: In design 'eda_regional_max', net 'eda_img_ram/i_center_minus[0]' has no drivers.  Logic 0 assumed. (LINT-3)
Warning: In design 'eda_regional_max', net 'eda_img_ram/i_center_plus[2]' has no drivers.  Logic 0 assumed. (LINT-3)
Warning: In design 'eda_regional_max', net 'eda_img_ram/i_center_plus[1]' has no drivers.  Logic 0 assumed. (LINT-3)
Warning: In design 'eda_regional_max', net 'eda_img_ram/i_center_plus[0]' has no drivers.  Logic 0 assumed. (LINT-3)
Warning: In design 'eda_regional_max', net 'eda_img_ram/j_center_plus[2]' has no drivers.  Logic 0 assumed. (LINT-3)
Warning: In design 'eda_regional_max', net 'eda_img_ram/j_center_plus[1]' has no drivers.  Logic 0 assumed. (LINT-3)
Warning: In design 'eda_regional_max', net 'eda_img_ram/j_center_plus[0]' has no drivers.  Logic 0 assumed. (LINT-3)
Warning: In design 'eda_regional_max', net 'eda_img_ram/j_center_minus[2]' has no drivers.  Logic 0 assumed. (LINT-3)
Warning: In design 'eda_regional_max', net 'eda_img_ram/j_center_minus[1]' has no drivers.  Logic 0 assumed. (LINT-3)
Warning: In design 'eda_regional_max', net 'eda_img_ram/j_center_minus[0]' has no drivers.  Logic 0 assumed. (LINT-3)
Warning: In design 'eda_regional_max', net 'eda_img_ram/addr_valid[9]' has no drivers.  Logic 0 assumed. (LINT-3)
Warning: In design 'eda_regional_max', net 'eda_img_ram/addr_valid[8]' has no drivers.  Logic 0 assumed. (LINT-3)
Warning: In design 'eda_regional_max', net 'eda_img_ram/addr_valid[7]' has no drivers.  Logic 0 assumed. (LINT-3)
Warning: In design 'eda_regional_max', net 'eda_img_ram/addr_valid[6]' has no drivers.  Logic 0 assumed. (LINT-3)
Warning: In design 'eda_regional_max', net 'eda_img_ram/addr_valid[5]' has no drivers.  Logic 0 assumed. (LINT-3)
Warning: In design 'eda_regional_max', net 'eda_img_ram/addr_valid[4]' has no drivers.  Logic 0 assumed. (LINT-3)
Warning: In design 'eda_regional_max', net 'eda_img_ram/addr_valid[3]' has no drivers.  Logic 0 assumed. (LINT-3)
Warning: In design 'eda_regional_max', net 'eda_img_ram/addr_valid[2]' has no drivers.  Logic 0 assumed. (LINT-3)
Warning: In design 'eda_regional_max', net 'eda_img_ram/addr_valid[1]' has no drivers.  Logic 0 assumed. (LINT-3)
Warning: In design 'eda_regional_max', net 'eda_img_ram/addr_valid[0]' has no drivers.  Logic 0 assumed. (LINT-3)
Warning: In design 'eda_regional_max', net 'eda_fifos/downright_read_en' has no drivers.  Logic 0 assumed. (LINT-3)
Warning: In design 'eda_regional_max', net 'eda_fifos/down_read_en' has no drivers.  Logic 0 assumed. (LINT-3)
Warning: In design 'eda_regional_max', net 'eda_fifos/downleft_read_en' has no drivers.  Logic 0 assumed. (LINT-3)
Warning: In design 'eda_regional_max', net 'eda_fifos/right_read_en' has no drivers.  Logic 0 assumed. (LINT-3)
Warning: In design 'eda_regional_max', net 'eda_fifos/left_read_en' has no drivers.  Logic 0 assumed. (LINT-3)
Warning: In design 'eda_regional_max', net 'eda_fifos/upright_read_en' has no drivers.  Logic 0 assumed. (LINT-3)
Warning: In design 'eda_regional_max', net 'eda_fifos/up_read_en' has no drivers.  Logic 0 assumed. (LINT-3)
Warning: In design 'eda_regional_max', net 'eda_fifos/upleft_read_en' has no drivers.  Logic 0 assumed. (LINT-3)
Warning: In design 'eda_regional_max', net 'eda_fifos/downright_push_position' has no drivers.  Logic 0 assumed. (LINT-3)
Warning: In design 'eda_regional_max', net 'eda_fifos/down_push_position' has no drivers.  Logic 0 assumed. (LINT-3)
Warning: In design 'eda_regional_max', net 'eda_fifos/downleft_push_position' has no drivers.  Logic 0 assumed. (LINT-3)
Warning: In design 'eda_regional_max', net 'eda_fifos/right_push_position' has no drivers.  Logic 0 assumed. (LINT-3)
Warning: In design 'eda_regional_max', net 'eda_fifos/left_push_position' has no drivers.  Logic 0 assumed. (LINT-3)
Warning: In design 'eda_regional_max', net 'eda_fifos/upright_push_position' has no drivers.  Logic 0 assumed. (LINT-3)
Warning: In design 'eda_regional_max', net 'eda_fifos/up_push_position' has no drivers.  Logic 0 assumed. (LINT-3)
Warning: In design 'eda_regional_max', net 'eda_fifos/upleft_push_position' has no drivers.  Logic 0 assumed. (LINT-3)
Warning: In design 'eda_regional_max', net 'eda_fifos/upleft_empty' has no drivers.  Logic 0 assumed. (LINT-3)
Warning: In design 'eda_regional_max', net 'eda_fifos/up_empty' has no drivers.  Logic 0 assumed. (LINT-3)
Warning: In design 'eda_regional_max', net 'eda_fifos/upright_empty' has no drivers.  Logic 0 assumed. (LINT-3)
Warning: In design 'eda_regional_max', net 'eda_fifos/left_empty' has no drivers.  Logic 0 assumed. (LINT-3)
Warning: In design 'eda_regional_max', net 'eda_fifos/right_empty' has no drivers.  Logic 0 assumed. (LINT-3)
Warning: In design 'eda_regional_max', net 'eda_fifos/downleft_empty' has no drivers.  Logic 0 assumed. (LINT-3)
Warning: In design 'eda_regional_max', net 'eda_fifos/down_empty' has no drivers.  Logic 0 assumed. (LINT-3)
Warning: In design 'eda_regional_max', net 'eda_fifos/downright_empty' has no drivers.  Logic 0 assumed. (LINT-3)
Warning: In design 'eda_regional_max', net 'eda_fifos/_0_net_[1]' has no drivers.  Logic 0 assumed. (LINT-3)
Warning: In design 'eda_regional_max', net 'eda_fifos/_0_net_[2]' has no drivers.  Logic 0 assumed. (LINT-3)
Warning: In design 'eda_regional_max', net 'eda_fifos/_0_net_[3]' has no drivers.  Logic 0 assumed. (LINT-3)
Warning: In design 'eda_regional_max', net 'eda_fifos/_1_net_[1]' has no drivers.  Logic 0 assumed. (LINT-3)
Warning: In design 'eda_regional_max', net 'eda_fifos/_1_net_[2]' has no drivers.  Logic 0 assumed. (LINT-3)
Warning: In design 'eda_regional_max', net 'eda_fifos/_1_net_[3]' has no drivers.  Logic 0 assumed. (LINT-3)
Warning: In design 'eda_regional_max', net 'eda_fifos/_2_net_[1]' has no drivers.  Logic 0 assumed. (LINT-3)
Warning: In design 'eda_regional_max', net 'eda_fifos/_2_net_[2]' has no drivers.  Logic 0 assumed. (LINT-3)
Warning: In design 'eda_regional_max', net 'eda_fifos/_2_net_[3]' has no drivers.  Logic 0 assumed. (LINT-3)
Warning: In design 'eda_regional_max', net 'eda_fifos/_3_net_[1]' has no drivers.  Logic 0 assumed. (LINT-3)
Warning: In design 'eda_regional_max', net 'eda_fifos/_3_net_[2]' has no drivers.  Logic 0 assumed. (LINT-3)
Warning: In design 'eda_regional_max', net 'eda_fifos/_3_net_[3]' has no drivers.  Logic 0 assumed. (LINT-3)
Warning: In design 'eda_regional_max', net 'eda_fifos/_4_net_[1]' has no drivers.  Logic 0 assumed. (LINT-3)
Warning: In design 'eda_regional_max', net 'eda_fifos/_4_net_[2]' has no drivers.  Logic 0 assumed. (LINT-3)
Warning: In design 'eda_regional_max', net 'eda_fifos/_4_net_[3]' has no drivers.  Logic 0 assumed. (LINT-3)
Warning: In design 'eda_regional_max', net 'eda_fifos/_5_net_[1]' has no drivers.  Logic 0 assumed. (LINT-3)
Warning: In design 'eda_regional_max', net 'eda_fifos/_5_net_[2]' has no drivers.  Logic 0 assumed. (LINT-3)
Warning: In design 'eda_regional_max', net 'eda_fifos/_5_net_[3]' has no drivers.  Logic 0 assumed. (LINT-3)
Warning: In design 'eda_regional_max', net 'eda_fifos/_6_net_[1]' has no drivers.  Logic 0 assumed. (LINT-3)
Warning: In design 'eda_regional_max', net 'eda_fifos/_6_net_[2]' has no drivers.  Logic 0 assumed. (LINT-3)
Warning: In design 'eda_regional_max', net 'eda_fifos/_6_net_[3]' has no drivers.  Logic 0 assumed. (LINT-3)
Warning: In design 'eda_regional_max', net 'eda_fifos/_7_net_[1]' has no drivers.  Logic 0 assumed. (LINT-3)
Warning: In design 'eda_regional_max', net 'eda_fifos/_7_net_[2]' has no drivers.  Logic 0 assumed. (LINT-3)
Warning: In design 'eda_regional_max', net 'eda_fifos/_7_net_[3]' has no drivers.  Logic 0 assumed. (LINT-3)
Warning: In design 'eda_regional_max', net 'eda_fifos/_8_net_[1]' has no drivers.  Logic 0 assumed. (LINT-3)
Warning: In design 'eda_regional_max', net 'eda_fifos/_8_net_[2]' has no drivers.  Logic 0 assumed. (LINT-3)
Warning: In design 'eda_regional_max', net 'eda_fifos/_8_net_[3]' has no drivers.  Logic 0 assumed. (LINT-3)
Warning: In design 'eda_regional_max', net 'eda_fifos/_9_net_[1]' has no drivers.  Logic 0 assumed. (LINT-3)
Warning: In design 'eda_regional_max', net 'eda_fifos/_9_net_[2]' has no drivers.  Logic 0 assumed. (LINT-3)
Warning: In design 'eda_regional_max', net 'eda_fifos/_9_net_[3]' has no drivers.  Logic 0 assumed. (LINT-3)
Warning: In design 'eda_regional_max', net 'eda_fifos/_10_net_[1]' has no drivers.  Logic 0 assumed. (LINT-3)
Warning: In design 'eda_regional_max', net 'eda_fifos/_10_net_[2]' has no drivers.  Logic 0 assumed. (LINT-3)
Warning: In design 'eda_regional_max', net 'eda_fifos/_10_net_[3]' has no drivers.  Logic 0 assumed. (LINT-3)
Warning: In design 'eda_regional_max', net 'eda_fifos/_11_net_[1]' has no drivers.  Logic 0 assumed. (LINT-3)
Warning: In design 'eda_regional_max', net 'eda_fifos/_11_net_[2]' has no drivers.  Logic 0 assumed. (LINT-3)
Warning: In design 'eda_regional_max', net 'eda_fifos/_11_net_[3]' has no drivers.  Logic 0 assumed. (LINT-3)
Warning: In design 'eda_regional_max', net 'eda_fifos/_12_net_[1]' has no drivers.  Logic 0 assumed. (LINT-3)
Warning: In design 'eda_regional_max', net 'eda_fifos/_12_net_[2]' has no drivers.  Logic 0 assumed. (LINT-3)
Warning: In design 'eda_regional_max', net 'eda_fifos/_12_net_[3]' has no drivers.  Logic 0 assumed. (LINT-3)
Warning: In design 'eda_regional_max', net 'eda_fifos/_13_net_[1]' has no drivers.  Logic 0 assumed. (LINT-3)
Warning: In design 'eda_regional_max', net 'eda_fifos/_13_net_[2]' has no drivers.  Logic 0 assumed. (LINT-3)
Warning: In design 'eda_regional_max', net 'eda_fifos/_13_net_[3]' has no drivers.  Logic 0 assumed. (LINT-3)
Warning: In design 'eda_regional_max', net 'eda_fifos/_14_net_[1]' has no drivers.  Logic 0 assumed. (LINT-3)
Warning: In design 'eda_regional_max', net 'eda_fifos/_14_net_[2]' has no drivers.  Logic 0 assumed. (LINT-3)
Warning: In design 'eda_regional_max', net 'eda_fifos/_14_net_[3]' has no drivers.  Logic 0 assumed. (LINT-3)
Warning: In design 'eda_regional_max', net 'eda_fifos/_15_net_[1]' has no drivers.  Logic 0 assumed. (LINT-3)
Warning: In design 'eda_regional_max', net 'eda_fifos/_15_net_[2]' has no drivers.  Logic 0 assumed. (LINT-3)
Warning: In design 'eda_regional_max', net 'eda_fifos/_15_net_[3]' has no drivers.  Logic 0 assumed. (LINT-3)
Warning: In design 'eda_regional_max', net 'eda_controller/new_pixel_cld' has no drivers.  Logic 0 assumed. (LINT-3)
Warning: In design 'eda_regional_max', net 'eda_controller/done_cld' has no drivers.  Logic 0 assumed. (LINT-3)
1
